Archive member included to satisfy reference by file (symbol)

c:/st/stm32cubeide_1.5.1/stm32cubeide/plugins/com.st.stm32cube.ide.mcu.externaltools.gnu-tools-for-stm32.9-2020-q2-update.win32_2.0.0.202105311346/tools/bin/../lib/gcc/arm-none-eabi/9.3.1/../../../../arm-none-eabi/lib/thumb/v6-m/nofp\libc_nano.a(lib_a-calloc.o)
                              ./Core/Src/ws2811_fx.o (calloc)
c:/st/stm32cubeide_1.5.1/stm32cubeide/plugins/com.st.stm32cube.ide.mcu.externaltools.gnu-tools-for-stm32.9-2020-q2-update.win32_2.0.0.202105311346/tools/bin/../lib/gcc/arm-none-eabi/9.3.1/../../../../arm-none-eabi/lib/thumb/v6-m/nofp\libc_nano.a(lib_a-errno.o)
                              ./Core/Src/syscalls.o (__errno)
c:/st/stm32cubeide_1.5.1/stm32cubeide/plugins/com.st.stm32cube.ide.mcu.externaltools.gnu-tools-for-stm32.9-2020-q2-update.win32_2.0.0.202105311346/tools/bin/../lib/gcc/arm-none-eabi/9.3.1/../../../../arm-none-eabi/lib/thumb/v6-m/nofp\libc_nano.a(lib_a-exit.o)
                              c:/st/stm32cubeide_1.5.1/stm32cubeide/plugins/com.st.stm32cube.ide.mcu.externaltools.gnu-tools-for-stm32.9-2020-q2-update.win32_2.0.0.202105311346/tools/bin/../lib/gcc/arm-none-eabi/9.3.1/../../../../arm-none-eabi/lib/thumb/v6-m/nofp/crt0.o (exit)
c:/st/stm32cubeide_1.5.1/stm32cubeide/plugins/com.st.stm32cube.ide.mcu.externaltools.gnu-tools-for-stm32.9-2020-q2-update.win32_2.0.0.202105311346/tools/bin/../lib/gcc/arm-none-eabi/9.3.1/../../../../arm-none-eabi/lib/thumb/v6-m/nofp\libc_nano.a(lib_a-impure.o)
                              c:/st/stm32cubeide_1.5.1/stm32cubeide/plugins/com.st.stm32cube.ide.mcu.externaltools.gnu-tools-for-stm32.9-2020-q2-update.win32_2.0.0.202105311346/tools/bin/../lib/gcc/arm-none-eabi/9.3.1/../../../../arm-none-eabi/lib/thumb/v6-m/nofp\libc_nano.a(lib_a-exit.o) (_global_impure_ptr)
c:/st/stm32cubeide_1.5.1/stm32cubeide/plugins/com.st.stm32cube.ide.mcu.externaltools.gnu-tools-for-stm32.9-2020-q2-update.win32_2.0.0.202105311346/tools/bin/../lib/gcc/arm-none-eabi/9.3.1/../../../../arm-none-eabi/lib/thumb/v6-m/nofp\libc_nano.a(lib_a-init.o)
                              c:/st/stm32cubeide_1.5.1/stm32cubeide/plugins/com.st.stm32cube.ide.mcu.externaltools.gnu-tools-for-stm32.9-2020-q2-update.win32_2.0.0.202105311346/tools/bin/../lib/gcc/arm-none-eabi/9.3.1/../../../../arm-none-eabi/lib/thumb/v6-m/nofp/crt0.o (__libc_init_array)
c:/st/stm32cubeide_1.5.1/stm32cubeide/plugins/com.st.stm32cube.ide.mcu.externaltools.gnu-tools-for-stm32.9-2020-q2-update.win32_2.0.0.202105311346/tools/bin/../lib/gcc/arm-none-eabi/9.3.1/../../../../arm-none-eabi/lib/thumb/v6-m/nofp\libc_nano.a(lib_a-malloc.o)
                              ./Core/Src/ws2811_fx.o (free)
c:/st/stm32cubeide_1.5.1/stm32cubeide/plugins/com.st.stm32cube.ide.mcu.externaltools.gnu-tools-for-stm32.9-2020-q2-update.win32_2.0.0.202105311346/tools/bin/../lib/gcc/arm-none-eabi/9.3.1/../../../../arm-none-eabi/lib/thumb/v6-m/nofp\libc_nano.a(lib_a-memcpy-stub.o)
                              ./Core/Src/ws2811.o (memcpy)
c:/st/stm32cubeide_1.5.1/stm32cubeide/plugins/com.st.stm32cube.ide.mcu.externaltools.gnu-tools-for-stm32.9-2020-q2-update.win32_2.0.0.202105311346/tools/bin/../lib/gcc/arm-none-eabi/9.3.1/../../../../arm-none-eabi/lib/thumb/v6-m/nofp\libc_nano.a(lib_a-memset.o)
                              c:/st/stm32cubeide_1.5.1/stm32cubeide/plugins/com.st.stm32cube.ide.mcu.externaltools.gnu-tools-for-stm32.9-2020-q2-update.win32_2.0.0.202105311346/tools/bin/../lib/gcc/arm-none-eabi/9.3.1/../../../../arm-none-eabi/lib/thumb/v6-m/nofp/crt0.o (memset)
c:/st/stm32cubeide_1.5.1/stm32cubeide/plugins/com.st.stm32cube.ide.mcu.externaltools.gnu-tools-for-stm32.9-2020-q2-update.win32_2.0.0.202105311346/tools/bin/../lib/gcc/arm-none-eabi/9.3.1/../../../../arm-none-eabi/lib/thumb/v6-m/nofp\libc_nano.a(lib_a-nano-callocr.o)
                              c:/st/stm32cubeide_1.5.1/stm32cubeide/plugins/com.st.stm32cube.ide.mcu.externaltools.gnu-tools-for-stm32.9-2020-q2-update.win32_2.0.0.202105311346/tools/bin/../lib/gcc/arm-none-eabi/9.3.1/../../../../arm-none-eabi/lib/thumb/v6-m/nofp\libc_nano.a(lib_a-calloc.o) (_calloc_r)
c:/st/stm32cubeide_1.5.1/stm32cubeide/plugins/com.st.stm32cube.ide.mcu.externaltools.gnu-tools-for-stm32.9-2020-q2-update.win32_2.0.0.202105311346/tools/bin/../lib/gcc/arm-none-eabi/9.3.1/../../../../arm-none-eabi/lib/thumb/v6-m/nofp\libc_nano.a(lib_a-nano-freer.o)
                              c:/st/stm32cubeide_1.5.1/stm32cubeide/plugins/com.st.stm32cube.ide.mcu.externaltools.gnu-tools-for-stm32.9-2020-q2-update.win32_2.0.0.202105311346/tools/bin/../lib/gcc/arm-none-eabi/9.3.1/../../../../arm-none-eabi/lib/thumb/v6-m/nofp\libc_nano.a(lib_a-malloc.o) (_free_r)
c:/st/stm32cubeide_1.5.1/stm32cubeide/plugins/com.st.stm32cube.ide.mcu.externaltools.gnu-tools-for-stm32.9-2020-q2-update.win32_2.0.0.202105311346/tools/bin/../lib/gcc/arm-none-eabi/9.3.1/../../../../arm-none-eabi/lib/thumb/v6-m/nofp\libc_nano.a(lib_a-nano-mallocr.o)
[...]
Memory Configuration

Name             Origin             Length             Attributes
RAM              0x0000000020000000 0x0000000000009000 xrw
FLASH            0x0000000008000000 0x0000000000020000 xr
*default*        0x0000000000000000 0xffffffffffffffff

Linker script and memory map

LOAD c:/st/stm32cubeide_1.5.1/stm32cubeide/plugins/com.st.stm32cube.ide.mcu.externaltools.gnu-tools-for-stm32.9-2020-q2-update.win32_2.0.0.202105311346/tools/bin/../lib/gcc/arm-none-eabi/9.3.1/thumb/v6-m/nofp/crti.o
LOAD c:/st/stm32cubeide_1.5.1/stm32cubeide/plugins/com.st.stm32cube.ide.mcu.externaltools.gnu-tools-for-stm32.9-2020-q2-update.win32_2.0.0.202105311346/tools/bin/../lib/gcc/arm-none-eabi/9.3.1/thumb/v6-m/nofp/crtbegin.o
LOAD c:/st/stm32cubeide_1.5.1/stm32cubeide/plugins/com.st.stm32cube.ide.mcu.externaltools.gnu-tools-for-stm32.9-2020-q2-update.win32_2.0.0.202105311346/tools/bin/../lib/gcc/arm-none-eabi/9.3.1/../../../../arm-none-eabi/lib/thumb/v6-m/nofp/crt0.o
LOAD ./Core/Src/dma.o
LOAD ./Core/Src/gpio.o
LOAD ./Core/Src/main.o
LOAD ./Core/Src/spi.o
LOAD ./Core/Src/stm32g0xx_hal_msp.o
LOAD ./Core/Src/stm32g0xx_it.o
LOAD ./Core/Src/syscalls.o
LOAD ./Core/Src/sysmem.o
LOAD ./Core/Src/system_stm32g0xx.o
LOAD ./Core/Src/usart.o
LOAD ./Core/Src/ws2811.o
LOAD ./Core/Src/ws2811_fx.o
LOAD ./Core/Startup/startup_stm32g071rbtx.o
LOAD ./Drivers/STM32G0xx_HAL_Driver/Src/stm32g0xx_hal.o
LOAD ./Drivers/STM32G0xx_HAL_Driver/Src/stm32g0xx_hal_cortex.o
LOAD ./Drivers/STM32G0xx_HAL_Driver/Src/stm32g0xx_hal_dma.o
LOAD ./Drivers/STM32G0xx_HAL_Driver/Src/stm32g0xx_hal_dma_ex.o
LOAD ./Drivers/STM32G0xx_HAL_Driver/Src/stm32g0xx_hal_exti.o
LOAD ./Drivers/STM32G0xx_HAL_Driver/Src/stm32g0xx_hal_flash.o
LOAD ./Drivers/STM32G0xx_HAL_Driver/Src/stm32g0xx_hal_flash_ex.o
LOAD ./Drivers/STM32G0xx_HAL_Driver/Src/stm32g0xx_hal_gpio.o
LOAD ./Drivers/STM32G0xx_HAL_Driver/Src/stm32g0xx_hal_pwr.o
LOAD ./Drivers/STM32G0xx_HAL_Driver/Src/stm32g0xx_hal_pwr_ex.o
LOAD ./Drivers/STM32G0xx_HAL_Driver/Src/stm32g0xx_hal_rcc.o
LOAD ./Drivers/STM32G0xx_HAL_Driver/Src/stm32g0xx_hal_rcc_ex.o
LOAD ./Drivers/STM32G0xx_HAL_Driver/Src/stm32g0xx_hal_spi.o
LOAD ./Drivers/STM32G0xx_HAL_Driver/Src/stm32g0xx_hal_spi_ex.o
LOAD ./Drivers/STM32G0xx_HAL_Driver/Src/stm32g0xx_hal_tim.o
LOAD ./Drivers/STM32G0xx_HAL_Driver/Src/stm32g0xx_hal_tim_ex.o
LOAD ./Drivers/STM32G0xx_HAL_Driver/Src/stm32g0xx_hal_uart.o
LOAD ./Drivers/STM32G0xx_HAL_Driver/Src/stm32g0xx_hal_uart_ex.o
LOAD ./Drivers/STM32G0xx_HAL_Driver/Src/stm32g0xx_ll_dma.o
LOAD ./Drivers/STM32G0xx_HAL_Driver/Src/stm32g0xx_ll_rcc.o
START GROUP
LOAD c:/st/stm32cubeide_1.5.1/stm32cubeide/plugins/com.st.stm32cube.ide.mcu.externaltools.gnu-tools-for-stm32.9-2020-q2-update.win32_2.0.0.202105311346/tools/bin/../lib/gcc/arm-none-eabi/9.3.1/../../../../arm-none-eabi/lib/thumb/v6-m/nofp\libc_nano.a
LOAD c:/st/stm32cubeide_1.5.1/stm32cubeide/plugins/com.st.stm32cube.ide.mcu.externaltools.gnu-tools-for-stm32.9-2020-q2-update.win32_2.0.0.202105311346/tools/bin/../lib/gcc/arm-none-eabi/9.3.1/../../../../arm-none-eabi/lib/thumb/v6-m/nofp\libm.a
END GROUP
START GROUP
LOAD c:/st/stm32cubeide_1.5.1/stm32cubeide/plugins/com.st.stm32cube.ide.mcu.externaltools.gnu-tools-for-stm32.9-2020-q2-update.win32_2.0.0.202105311346/tools/bin/../lib/gcc/arm-none-eabi/9.3.1/thumb/v6-m/nofp\libgcc.a
LOAD c:/st/stm32cubeide_1.5.1/stm32cubeide/plugins/com.st.stm32cube.ide.mcu.externaltools.gnu-tools-for-stm32.9-2020-q2-update.win32_2.0.0.202105311346/tools/bin/../lib/gcc/arm-none-eabi/9.3.1/../../../../arm-none-eabi/lib/thumb/v6-m/nofp\libc_nano.a
END GROUP
START GROUP
LOAD c:/st/stm32cubeide_1.5.1/stm32cubeide/plugins/com.st.stm32cube.ide.mcu.externaltools.gnu-tools-for-stm32.9-2020-q2-update.win32_2.0.0.202105311346/tools/bin/../lib/gcc/arm-none-eabi/9.3.1/thumb/v6-m/nofp\libgcc.a
LOAD c:/st/stm32cubeide_1.5.1/stm32cubeide/plugins/com.st.stm32cube.ide.mcu.externaltools.gnu-tools-for-stm32.9-2020-q2-update.win32_2.0.0.202105311346/tools/bin/../lib/gcc/arm-none-eabi/9.3.1/../../../../arm-none-eabi/lib/thumb/v6-m/nofp\libc_nano.a
LOAD c:/st/stm32cubeide_1.5.1/stm32cubeide/plugins/com.st.stm32cube.ide.mcu.externaltools.gnu-tools-for-stm32.9-2020-q2-update.win32_2.0.0.202105311346/tools/bin/../lib/gcc/arm-none-eabi/9.3.1/../../../../arm-none-eabi/lib/thumb/v6-m/nofp\libnosys.a
END GROUP
START GROUP
LOAD c:/st/stm32cubeide_1.5.1/stm32cubeide/plugins/com.st.stm32cube.ide.mcu.externaltools.gnu-tools-for-stm32.9-2020-q2-update.win32_2.0.0.202105311346/tools/bin/../lib/gcc/arm-none-eabi/9.3.1/thumb/v6-m/nofp\libgcc.a
LOAD c:/st/stm32cubeide_1.5.1/stm32cubeide/plugins/com.st.stm32cube.ide.mcu.externaltools.gnu-tools-for-stm32.9-2020-q2-update.win32_2.0.0.202105311346/tools/bin/../lib/gcc/arm-none-eabi/9.3.1/../../../../arm-none-eabi/lib/thumb/v6-m/nofp\libc_nano.a
LOAD c:/st/stm32cubeide_1.5.1/stm32cubeide/plugins/com.st.stm32cube.ide.mcu.externaltools.gnu-tools-for-stm32.9-2020-q2-update.win32_2.0.0.202105311346/tools/bin/../lib/gcc/arm-none-eabi/9.3.1/../../../../arm-none-eabi/lib/thumb/v6-m/nofp\libnosys.a
END GROUP
LOAD c:/st/stm32cubeide_1.5.1/stm32cubeide/plugins/com.st.stm32cube.ide.mcu.externaltools.gnu-tools-for-stm32.9-2020-q2-update.win32_2.0.0.202105311346/tools/bin/../lib/gcc/arm-none-eabi/9.3.1/thumb/v6-m/nofp/crtend.o
LOAD c:/st/stm32cubeide_1.5.1/stm32cubeide/plugins/com.st.stm32cube.ide.mcu.externaltools.gnu-tools-for-stm32.9-2020-q2-update.win32_2.0.0.202105311346/tools/bin/../lib/gcc/arm-none-eabi/9.3.1/thumb/v6-m/nofp/crtn.o
                0x0000000020009000                _estack = (ORIGIN (RAM) + LENGTH (RAM))
                0x0000000000000200                _Min_Heap_Size = 0x200
                0x0000000000000400                _Min_Stack_Size = 0x400

.isr_vector     0x0000000008000000       0xbc
                0x0000000008000000                . = ALIGN (0x4)
 *(.isr_vector)
 .isr_vector    0x0000000008000000       0xbc ./Core/Startup/startup_stm32g071rbtx.o
                0x0000000008000000                g_pfnVectors
                0x00000000080000bc                . = ALIGN (0x4)

.text           0x00000000080000bc     0xaca4
                0x00000000080000bc                . = ALIGN (0x4)
 *(.text)
 .text          0x00000000080000bc       0x48 c:/st/stm32cubeide_1.5.1/stm32cubeide/plugins/com.st.stm32cube.ide.mcu.externaltools.gnu-tools-for-stm32.9-2020-q2-update.win32_2.0.0.202105311346/tools/bin/../lib/gcc/arm-none-eabi/9.3.1/thumb/v6-m/nofp/crtbegin.o
 .text          0x0000000008000104       0x14 c:/st/stm32cubeide_1.5.1/stm32cubeide/plugins/com.st.stm32cube.ide.mcu.externaltools.gnu-tools-for-stm32.9-2020-q2-update.win32_2.0.0.202105311346/tools/bin/../lib/gcc/arm-none-eabi/9.3.1/thumb/v6-m/nofp\libgcc.a(_thumb1_case_shi.o)
                0x0000000008000104                __gnu_thumb1_case_shi
 .text          0x0000000008000118      0x114 c:/st/stm32cubeide_1.5.1/stm32cubeide/plugins/com.st.stm32cube.ide.mcu.externaltools.gnu-tools-for-stm32.9-2020-q2-update.win32_2.0.0.202105311346/tools/bin/../lib/gcc/arm-none-eabi/9.3.1/thumb/v6-m/nofp\libgcc.a(_udivsi3.o)
                0x0000000008000118                __aeabi_uidiv
                0x0000000008000118                __udivsi3
                0x0000000008000224                __aeabi_uidivmod
 .text          0x000000000800022c      0x1d4 c:/st/stm32cubeide_1.5.1/stm32cubeide/plugins/com.st.stm32cube.ide.mcu.externaltools.gnu-tools-for-stm32.9-2020-q2-update.win32_2.0.0.202105311346/tools/bin/../lib/gcc/arm-none-eabi/9.3.1/thumb/v6-m/nofp\libgcc.a(_divsi3.o)
                0x000000000800022c                __divsi3
                0x000000000800022c                __aeabi_idiv
                0x00000000080003f8                __aeabi_idivmod
 .text          0x0000000008000400        0x4 c:/st/stm32cubeide_1.5.1/stm32cubeide/plugins/com.st.stm32cube.ide.mcu.externaltools.gnu-tools-for-stm32.9-2020-q2-update.win32_2.0.0.202105311346/tools/bin/../lib/gcc/arm-none-eabi/9.3.1/thumb/v6-m/nofp\libgcc.a(_dvmd_tls.o)
                0x0000000008000400                __aeabi_idiv0
                0x0000000008000400                __aeabi_ldiv0
 .text          0x0000000008000404       0x40 c:/st/stm32cubeide_1.5.1/stm32cubeide/plugins/com.st.stm32cube.ide.mcu.externaltools.gnu-tools-for-stm32.9-2020-q2-update.win32_2.0.0.202105311346/tools/bin/../lib/gcc/arm-none-eabi/9.3.1/thumb/v6-m/nofp\libgcc.a(_aeabi_uldivmod.o)
                0x0000000008000404                __aeabi_uldivmod
 .text          0x0000000008000444       0x50 c:/st/stm32cubeide_1.5.1/stm32cubeide/plugins/com.st.stm32cube.ide.mcu.externaltools.gnu-tools-for-stm32.9-2020-q2-update.win32_2.0.0.202105311346/tools/bin/../lib/gcc/arm-none-eabi/9.3.1/thumb/v6-m/nofp\libgcc.a(_muldi3.o)
                0x0000000008000444                __muldi3
                0x0000000008000444                __aeabi_lmul
 .text          0x0000000008000494      0x198 c:/st/stm32cubeide_1.5.1/stm32cubeide/plugins/com.st.stm32cube.ide.mcu.externaltools.gnu-tools-for-stm32.9-2020-q2-update.win32_2.0.0.202105311346/tools/bin/../lib/gcc/arm-none-eabi/9.3.1/thumb/v6-m/nofp\libgcc.a(_udivmoddi4.o)
                0x0000000008000494                __udivmoddi4
 .text          0x000000000800062c       0x18 c:/st/stm32cubeide_1.5.1/stm32cubeide/plugins/com.st.stm32cube.ide.mcu.externaltools.gnu-tools-for-stm32.9-2020-q2-update.win32_2.0.0.202105311346/tools/bin/../lib/gcc/arm-none-eabi/9.3.1/thumb/v6-m/nofp\libgcc.a(_clzdi2.o)
                0x000000000800062c                __clzdi2
 .text          0x0000000008000644       0x3c c:/st/stm32cubeide_1.5.1/stm32cubeide/plugins/com.st.stm32cube.ide.mcu.externaltools.gnu-tools-for-stm32.9-2020-q2-update.win32_2.0.0.202105311346/tools/bin/../lib/gcc/arm-none-eabi/9.3.1/thumb/v6-m/nofp\libgcc.a(_clzsi2.o)
                0x0000000008000644                __clzsi2
 *(.text*)
 .text.MX_DMA_Init
                0x0000000008000680       0x3c ./Core/Src/dma.o
                0x0000000008000680                MX_DMA_Init
 .text.MX_GPIO_Init
                0x00000000080006bc       0xb8 ./Core/Src/gpio.o
                0x00000000080006bc                MX_GPIO_Init
 .text.main     0x0000000008000774       0x74 ./Core/Src/main.o
                0x0000000008000774                main
 .text.SystemClock_Config
                0x00000000080007e8       0xea ./Core/Src/main.o
                0x00000000080007e8                SystemClock_Config
 .text.HAL_SYSTICK_Callback
                0x00000000080008d2        0xe ./Core/Src/main.o
                0x00000000080008d2                HAL_SYSTICK_Callback
 .text.Error_Handler
                0x00000000080008e0        0xa ./Core/Src/main.o
                0x00000000080008e0                Error_Handler
 *fill*         0x00000000080008ea        0x2 
 .text.MX_SPI2_Init
                0x00000000080008ec       0x7c ./Core/Src/spi.o
                0x00000000080008ec                MX_SPI2_Init
 .text.HAL_SPI_MspInit
                0x0000000008000968      0x13c ./Core/Src/spi.o
                0x0000000008000968                HAL_SPI_MspInit
 .text.HAL_MspInit
                0x0000000008000aa4       0x50 ./Core/Src/stm32g0xx_hal_msp.o
                0x0000000008000aa4                HAL_MspInit
 .text.NMI_Handler
                0x0000000008000af4        0x6 ./Core/Src/stm32g0xx_it.o
                0x0000000008000af4                NMI_Handler
 .text.HardFault_Handler
                0x0000000008000afa        0x6 ./Core/Src/stm32g0xx_it.o
                0x0000000008000afa                HardFault_Handler
 .text.SVC_Handler
                0x0000000008000b00        0xa ./Core/Src/stm32g0xx_it.o
                0x0000000008000b00                SVC_Handler
 .text.PendSV_Handler
                0x0000000008000b0a        0xa ./Core/Src/stm32g0xx_it.o
                0x0000000008000b0a                PendSV_Handler
 .text.SysTick_Handler
                0x0000000008000b14       0x12 ./Core/Src/stm32g0xx_it.o
                0x0000000008000b14                SysTick_Handler
 *fill*         0x0000000008000b26        0x2 
 .text.DMA1_Channel1_IRQHandler
                0x0000000008000b28       0x18 ./Core/Src/stm32g0xx_it.o
                0x0000000008000b28                DMA1_Channel1_IRQHandler
 .text._getpid  0x0000000008000b40        0xc ./Core/Src/syscalls.o
                0x0000000008000b40                _getpid
 .text._kill    0x0000000008000b4c       0x20 ./Core/Src/syscalls.o
                0x0000000008000b4c                _kill
 .text._exit    0x0000000008000b6c       0x18 ./Core/Src/syscalls.o
                0x0000000008000b6c                _exit
 .text._read    0x0000000008000b84       0x3a ./Core/Src/syscalls.o
                0x0000000008000b84                _read
 .text._write   0x0000000008000bbe       0x38 ./Core/Src/syscalls.o
                0x0000000008000bbe                _write
 .text._close   0x0000000008000bf6       0x14 ./Core/Src/syscalls.o
                0x0000000008000bf6                _close
 .text._fstat   0x0000000008000c0a       0x1c ./Core/Src/syscalls.o
                0x0000000008000c0a                _fstat
 .text._isatty  0x0000000008000c26       0x12 ./Core/Src/syscalls.o
                0x0000000008000c26                _isatty
 .text._lseek   0x0000000008000c38       0x16 ./Core/Src/syscalls.o
                0x0000000008000c38                _lseek
 *fill*         0x0000000008000c4e        0x2 
 .text._sbrk    0x0000000008000c50       0x6c ./Core/Src/sysmem.o
                0x0000000008000c50                _sbrk
 .text.SystemInit
                0x0000000008000cbc        0xa ./Core/Src/system_stm32g0xx.o
                0x0000000008000cbc                SystemInit
 *fill*         0x0000000008000cc6        0x2 
 .text.MX_USART2_UART_Init
                0x0000000008000cc8       0x9c ./Core/Src/usart.o
                0x0000000008000cc8                MX_USART2_UART_Init
 .text.HAL_UART_MspInit
                0x0000000008000d64       0x94 ./Core/Src/usart.o
                0x0000000008000d64                HAL_UART_MspInit
 .text.WS2811_Init
                0x0000000008000df8       0x1c ./Core/Src/ws2811.o
                0x0000000008000df8                WS2811_Init
 .text.WS2811_SetDiodeColor
                0x0000000008000e14       0x80 ./Core/Src/ws2811.o
                0x0000000008000e14                WS2811_SetDiodeColor
 .text.WS2811_SetDiodeColorStruct
                0x0000000008000e94       0x50 ./Core/Src/ws2811.o
                0x0000000008000e94                WS2811_SetDiodeColorStruct
 .text.WS2811_SetDiodeRGB
                0x0000000008000ee4       0x8c ./Core/Src/ws2811.o
                0x0000000008000ee4                WS2811_SetDiodeRGB
 .text.WS2811_GetColor
                0x0000000008000f70       0x74 ./Core/Src/ws2811.o
                0x0000000008000f70                WS2811_GetColor
 .text.WS2811_GetPixels
                0x0000000008000fe4       0x10 ./Core/Src/ws2811.o
                0x0000000008000fe4                WS2811_GetPixels
 .text.WS2811_Refresh
                0x0000000008000ff4      0x208 ./Core/Src/ws2811.o
                0x0000000008000ff4                WS2811_Refresh
 .text.HAL_SPI_TxCpltCallback
                0x00000000080011fc       0x28 ./Core/Src/ws2811.o
                0x00000000080011fc                HAL_SPI_TxCpltCallback
 .text.sine8    0x0000000008001224       0x20 ./Core/Src/ws2811.o
                0x0000000008001224                sine8
 .text.WS2811FX_Init
                0x0000000008001244      0x5a0 ./Core/Src/ws2811_fx.o
                0x0000000008001244                WS2811FX_Init
 .text.WS2811FX_SysTickCallback
                0x00000000080017e4       0x68 ./Core/Src/ws2811_fx.o
                0x00000000080017e4                WS2811FX_SysTickCallback
 .text.WS2811FX_Callback
                0x000000000800184c       0xdc ./Core/Src/ws2811_fx.o
                0x000000000800184c                WS2811FX_Callback
 .text.WS2811FX_SetMode
                0x0000000008001928      0x18c ./Core/Src/ws2811_fx.o
                0x0000000008001928                WS2811FX_SetMode
 .text.WS2811FX_Start
                0x0000000008001ab4       0x94 ./Core/Src/ws2811_fx.o
                0x0000000008001ab4                WS2811FX_Start
 .text.WS2811FX_SetColorRGB
                0x0000000008001b48       0x94 ./Core/Src/ws2811_fx.o
                0x0000000008001b48                WS2811FX_SetColorRGB
 .text.WS2811FX_RGBtoHSV
                0x0000000008001bdc      0x206 ./Core/Src/ws2811_fx.o
                0x0000000008001bdc                WS2811FX_RGBtoHSV
 *fill*         0x0000000008001de2        0x2 
 .text.WS2811FX_HSVtoRGB
                0x0000000008001de4      0x1ec ./Core/Src/ws2811_fx.o
                0x0000000008001de4                WS2811FX_HSVtoRGB
 .text.WS2811FX_SetAll
                0x0000000008001fd0       0xb0 ./Core/Src/ws2811_fx.o
                0x0000000008001fd0                WS2811FX_SetAll
 .text.WS2811FX_SetAllRGB
                0x0000000008002080       0xcc ./Core/Src/ws2811_fx.o
                0x0000000008002080                WS2811FX_SetAllRGB
 .text.WS2811FX_SetSpeed
                0x000000000800214c       0x5c ./Core/Src/ws2811_fx.o
                0x000000000800214c                WS2811FX_SetSpeed
 .text.color_wheel
                0x00000000080021a8       0x96 ./Core/Src/ws2811_fx.o
                0x00000000080021a8                color_wheel
 *fill*         0x000000000800223e        0x2 
 .text.get_random_wheel_index
                0x0000000008002240       0xa4 ./Core/Src/ws2811_fx.o
                0x0000000008002240                get_random_wheel_index
 .text.fade_out
                0x00000000080022e4      0x1e8 ./Core/Src/ws2811_fx.o
                0x00000000080022e4                fade_out
 .text.color_blend
                0x00000000080024cc      0x10e ./Core/Src/ws2811_fx.o
                0x00000000080024cc                color_blend
 *fill*         0x00000000080025da        0x2 
 .text.mode_static
                0x00000000080025dc       0xa8 ./Core/Src/ws2811_fx.o
                0x00000000080025dc                mode_static
 .text.to_color
                0x0000000008002684      0x2f8 ./Core/Src/ws2811_fx.o
                0x0000000008002684                to_color
 .text.mode_white_to_color
                0x000000000800297c       0x10 ./Core/Src/ws2811_fx.o
                0x000000000800297c                mode_white_to_color
 .text.mode_black_to_color
                0x000000000800298c       0x10 ./Core/Src/ws2811_fx.o
                0x000000000800298c                mode_black_to_color
 .text.blink    0x000000000800299c      0x104 ./Core/Src/ws2811_fx.o
                0x000000000800299c                blink
 .text.mode_blink
                0x0000000008002aa0       0x48 ./Core/Src/ws2811_fx.o
                0x0000000008002aa0                mode_blink
 .text.mode_blink_rainbow
                0x0000000008002ae8       0x50 ./Core/Src/ws2811_fx.o
                0x0000000008002ae8                mode_blink_rainbow
 .text.mode_strobe
                0x0000000008002b38       0x48 ./Core/Src/ws2811_fx.o
                0x0000000008002b38                mode_strobe
 .text.mode_strobe_rainbow
                0x0000000008002b80       0x50 ./Core/Src/ws2811_fx.o
                0x0000000008002b80                mode_strobe_rainbow
 .text.mode_breath
                0x0000000008002bd0      0x1c4 ./Core/Src/ws2811_fx.o
                0x0000000008002bd0                mode_breath
 .text.color_wipe
                0x0000000008002d94      0x228 ./Core/Src/ws2811_fx.o
                0x0000000008002d94                color_wipe
 .text.mode_color_wipe
                0x0000000008002fbc       0x48 ./Core/Src/ws2811_fx.o
                0x0000000008002fbc                mode_color_wipe
 .text.mode_color_wipe_inv
                0x0000000008003004       0x48 ./Core/Src/ws2811_fx.o
                0x0000000008003004                mode_color_wipe_inv
 .text.mode_color_wipe_rev
                0x000000000800304c       0x48 ./Core/Src/ws2811_fx.o
                0x000000000800304c                mode_color_wipe_rev
 .text.mode_color_wipe_rev_inv
                0x0000000008003094       0x48 ./Core/Src/ws2811_fx.o
                0x0000000008003094                mode_color_wipe_rev_inv
 .text.mode_color_wipe_random
                0x00000000080030dc      0x100 ./Core/Src/ws2811_fx.o
                0x00000000080030dc                mode_color_wipe_random
 .text.mode_color_sweep_random
                0x00000000080031dc       0xd0 ./Core/Src/ws2811_fx.o
                0x00000000080031dc                mode_color_sweep_random
 .text.mode_random_color
                0x00000000080032ac       0xa8 ./Core/Src/ws2811_fx.o
                0x00000000080032ac                mode_random_color
 .text.mode_single_dynamic
                0x0000000008003354      0x158 ./Core/Src/ws2811_fx.o
                0x0000000008003354                mode_single_dynamic
 .text.mode_multi_dynamic
                0x00000000080034ac       0xbc ./Core/Src/ws2811_fx.o
                0x00000000080034ac                mode_multi_dynamic
 .text.mode_rainbow
                0x0000000008003568       0xec ./Core/Src/ws2811_fx.o
                0x0000000008003568                mode_rainbow
 .text.mode_rainbow_cycle
                0x0000000008003654      0x154 ./Core/Src/ws2811_fx.o
                0x0000000008003654                mode_rainbow_cycle
 .text.mode_fade
                0x00000000080037a8      0x168 ./Core/Src/ws2811_fx.o
                0x00000000080037a8                mode_fade
 .text.mode_scan
                0x0000000008003910      0x21c ./Core/Src/ws2811_fx.o
                0x0000000008003910                mode_scan
 .text.mode_dual_scan
                0x0000000008003b2c      0x22c ./Core/Src/ws2811_fx.o
                0x0000000008003b2c                mode_dual_scan
 .text.theater_chase
                0x0000000008003d58      0x1f0 ./Core/Src/ws2811_fx.o
                0x0000000008003d58                theater_chase
 .text.mode_theater_chase
                0x0000000008003f48       0x44 ./Core/Src/ws2811_fx.o
                0x0000000008003f48                mode_theater_chase
 .text.mode_theater_chase_rainbow
                0x0000000008003f8c       0x6c ./Core/Src/ws2811_fx.o
                0x0000000008003f8c                mode_theater_chase_rainbow
 .text.mode_running_lights
                0x0000000008003ff8      0x244 ./Core/Src/ws2811_fx.o
                0x0000000008003ff8                mode_running_lights
 .text.twinkle  0x000000000800423c      0x184 ./Core/Src/ws2811_fx.o
                0x000000000800423c                twinkle
 .text.mode_twinkle
                0x00000000080043c0       0x44 ./Core/Src/ws2811_fx.o
                0x00000000080043c0                mode_twinkle
 .text.mode_twinkle_random
                0x0000000008004404       0x50 ./Core/Src/ws2811_fx.o
                0x0000000008004404                mode_twinkle_random
 .text.twinkle_fade
                0x0000000008004454       0xc4 ./Core/Src/ws2811_fx.o
                0x0000000008004454                twinkle_fade
 .text.mode_twinkle_fade
                0x0000000008004518       0x30 ./Core/Src/ws2811_fx.o
                0x0000000008004518                mode_twinkle_fade
 .text.mode_twinkle_fade_random
                0x0000000008004548       0x38 ./Core/Src/ws2811_fx.o
                0x0000000008004548                mode_twinkle_fade_random
 .text.mode_sparkle
                0x0000000008004580      0x134 ./Core/Src/ws2811_fx.o
                0x0000000008004580                mode_sparkle
 .text.mode_flash_sparkle
                0x00000000080046b4      0x1d4 ./Core/Src/ws2811_fx.o
                0x00000000080046b4                mode_flash_sparkle
 .text.mode_hyper_sparkle
                0x0000000008004888      0x1d0 ./Core/Src/ws2811_fx.o
                0x0000000008004888                mode_hyper_sparkle
 .text.mode_multi_strobe
                0x0000000008004a58      0x1d0 ./Core/Src/ws2811_fx.o
                0x0000000008004a58                mode_multi_strobe
 .text.chase    0x0000000008004c28      0x294 ./Core/Src/ws2811_fx.o
                0x0000000008004c28                chase
 .text.mode_bicolor_chase
                0x0000000008004ebc       0x58 ./Core/Src/ws2811_fx.o
                0x0000000008004ebc                mode_bicolor_chase
 .text.mode_chase_color
                0x0000000008004f14       0x34 ./Core/Src/ws2811_fx.o
                0x0000000008004f14                mode_chase_color
 .text.mode_chase_blackout
                0x0000000008004f48       0x30 ./Core/Src/ws2811_fx.o
                0x0000000008004f48                mode_chase_blackout
 .text.mode_chase_white
                0x0000000008004f78       0x48 ./Core/Src/ws2811_fx.o
                0x0000000008004f78                mode_chase_white
 .text.mode_chase_random
                0x0000000008004fc0       0x94 ./Core/Src/ws2811_fx.o
                0x0000000008004fc0                mode_chase_random
 .text.mode_chase_rainbow_white
                0x0000000008005054      0x138 ./Core/Src/ws2811_fx.o
                0x0000000008005054                mode_chase_rainbow_white
 .text.mode_chase_rainbow
                0x000000000800518c       0xb4 ./Core/Src/ws2811_fx.o
                0x000000000800518c                mode_chase_rainbow
 .text.mode_chase_blackout_rainbow
                0x0000000008005240       0xb0 ./Core/Src/ws2811_fx.o
                0x0000000008005240                mode_chase_blackout_rainbow
 .text.mode_chase_flash
                0x00000000080052f0      0x2d4 ./Core/Src/ws2811_fx.o
                0x00000000080052f0                mode_chase_flash
 .text.mode_chase_flash_random
                0x00000000080055c4      0x330 ./Core/Src/ws2811_fx.o
                0x00000000080055c4                mode_chase_flash_random
 .text.running  0x00000000080058f4      0x1e4 ./Core/Src/ws2811_fx.o
                0x00000000080058f4                running
 .text.mode_running_color
                0x0000000008005ad8       0x34 ./Core/Src/ws2811_fx.o
                0x0000000008005ad8                mode_running_color
 .text.mode_running_red_blue
                0x0000000008005b0c       0x14 ./Core/Src/ws2811_fx.o
                0x0000000008005b0c                mode_running_red_blue
 .text.mode_merry_christmas
                0x0000000008005b20       0x18 ./Core/Src/ws2811_fx.o
                0x0000000008005b20                mode_merry_christmas
 .text.mode_halloween
                0x0000000008005b38       0x1c ./Core/Src/ws2811_fx.o
                0x0000000008005b38                mode_halloween
 .text.mode_running_random
                0x0000000008005b54      0x280 ./Core/Src/ws2811_fx.o
                0x0000000008005b54                mode_running_random
 .text.mode_larson_scanner
                0x0000000008005dd4      0x390 ./Core/Src/ws2811_fx.o
                0x0000000008005dd4                mode_larson_scanner
 .text.mode_comet
                0x0000000008006164      0x170 ./Core/Src/ws2811_fx.o
                0x0000000008006164                mode_comet
 .text.fireworks
                0x00000000080062d4      0x2d8 ./Core/Src/ws2811_fx.o
                0x00000000080062d4                fireworks
 .text.mode_fireworks
                0x00000000080065ac       0x2c ./Core/Src/ws2811_fx.o
                0x00000000080065ac                mode_fireworks
 .text.mode_fireworks_random
                0x00000000080065d8       0x34 ./Core/Src/ws2811_fx.o
                0x00000000080065d8                mode_fireworks_random
 .text.fire_flicker
                0x000000000800660c      0x178 ./Core/Src/ws2811_fx.o
                0x000000000800660c                fire_flicker
 .text.mode_fire_flicker
                0x0000000008006784        0xe ./Core/Src/ws2811_fx.o
                0x0000000008006784                mode_fire_flicker
 .text.mode_fire_flicker_soft
                0x0000000008006792        0xe ./Core/Src/ws2811_fx.o
                0x0000000008006792                mode_fire_flicker_soft
 .text.mode_fire_flicker_intense
                0x00000000080067a0        0xe ./Core/Src/ws2811_fx.o
                0x00000000080067a0                mode_fire_flicker_intense
 *fill*         0x00000000080067ae        0x2 
 .text.tricolor_chase
                0x00000000080067b0      0x198 ./Core/Src/ws2811_fx.o
                0x00000000080067b0                tricolor_chase
 .text.mode_tricolor_chase
                0x0000000008006948       0x58 ./Core/Src/ws2811_fx.o
                0x0000000008006948                mode_tricolor_chase
 .text.mode_circus_combustus
                0x00000000080069a0       0x1c ./Core/Src/ws2811_fx.o
                0x00000000080069a0                mode_circus_combustus
 .text.mode_icu
                0x00000000080069bc      0x444 ./Core/Src/ws2811_fx.o
                0x00000000080069bc                mode_icu
 .text.Reset_Handler
                0x0000000008006e00       0x50 ./Core/Startup/startup_stm32g071rbtx.o
                0x0000000008006e00                Reset_Handler
 .text.Default_Handler
                0x0000000008006e50        0x2 ./Core/Startup/startup_stm32g071rbtx.o
                0x0000000008006e50                USART3_4_LPUART1_IRQHandler
                0x0000000008006e50                TIM1_CC_IRQHandler
                0x0000000008006e50                ADC1_COMP_IRQHandler
                0x0000000008006e50                PVD_IRQHandler
                0x0000000008006e50                I2C1_IRQHandler
                0x0000000008006e50                TIM7_LPTIM2_IRQHandler
                0x0000000008006e50                RTC_TAMP_IRQHandler
                0x0000000008006e50                SPI1_IRQHandler
                0x0000000008006e50                EXTI2_3_IRQHandler
                0x0000000008006e50                I2C2_IRQHandler
                0x0000000008006e50                TIM17_IRQHandler
                0x0000000008006e50                TIM16_IRQHandler
                0x0000000008006e50                TIM3_IRQHandler
                0x0000000008006e50                EXTI4_15_IRQHandler
                0x0000000008006e50                RCC_IRQHandler
                0x0000000008006e50                Default_Handler
                0x0000000008006e50                CEC_IRQHandler
                0x0000000008006e50                TIM14_IRQHandler
                0x0000000008006e50                TIM15_IRQHandler
                0x0000000008006e50                EXTI0_1_IRQHandler
                0x0000000008006e50                SPI2_IRQHandler
                0x0000000008006e50                TIM6_DAC_LPTIM1_IRQHandler
                0x0000000008006e50                WWDG_IRQHandler
                0x0000000008006e50                TIM2_IRQHandler
                0x0000000008006e50                DMA1_Ch4_7_DMAMUX1_OVR_IRQHandler
                0x0000000008006e50                DMA1_Channel2_3_IRQHandler
                0x0000000008006e50                UCPD1_2_IRQHandler
                0x0000000008006e50                USART2_IRQHandler
                0x0000000008006e50                FLASH_IRQHandler
                0x0000000008006e50                USART1_IRQHandler
                0x0000000008006e50                TIM1_BRK_UP_TRG_COM_IRQHandler
 *fill*         0x0000000008006e52        0x2 
 .text.HAL_Init
                0x0000000008006e54       0x40 ./Drivers/STM32G0xx_HAL_Driver/Src/stm32g0xx_hal.o
                0x0000000008006e54                HAL_Init
 .text.HAL_InitTick
                0x0000000008006e94       0x94 ./Drivers/STM32G0xx_HAL_Driver/Src/stm32g0xx_hal.o
                0x0000000008006e94                HAL_InitTick
 .text.HAL_IncTick
                0x0000000008006f28       0x24 ./Drivers/STM32G0xx_HAL_Driver/Src/stm32g0xx_hal.o
                0x0000000008006f28                HAL_IncTick
 .text.HAL_GetTick
                0x0000000008006f4c       0x14 ./Drivers/STM32G0xx_HAL_Driver/Src/stm32g0xx_hal.o
                0x0000000008006f4c                HAL_GetTick
 .text.HAL_Delay
                0x0000000008006f60       0x48 ./Drivers/STM32G0xx_HAL_Driver/Src/stm32g0xx_hal.o
                0x0000000008006f60                HAL_Delay
 .text.HAL_SYSCFG_StrobeDBattpinsConfig
                0x0000000008006fa8       0x2c ./Drivers/STM32G0xx_HAL_Driver/Src/stm32g0xx_hal.o
                0x0000000008006fa8                HAL_SYSCFG_StrobeDBattpinsConfig
 .text.__NVIC_EnableIRQ
                0x0000000008006fd4       0x34 ./Drivers/STM32G0xx_HAL_Driver/Src/stm32g0xx_hal_cortex.o
 .text.__NVIC_SetPriority
                0x0000000008007008       0xdc ./Drivers/STM32G0xx_HAL_Driver/Src/stm32g0xx_hal_cortex.o
 .text.SysTick_Config
                0x00000000080070e4       0x48 ./Drivers/STM32G0xx_HAL_Driver/Src/stm32g0xx_hal_cortex.o
 .text.HAL_NVIC_SetPriority
                0x000000000800712c       0x2a ./Drivers/STM32G0xx_HAL_Driver/Src/stm32g0xx_hal_cortex.o
                0x000000000800712c                HAL_NVIC_SetPriority
 .text.HAL_NVIC_EnableIRQ
                0x0000000008007156       0x20 ./Drivers/STM32G0xx_HAL_Driver/Src/stm32g0xx_hal_cortex.o
                0x0000000008007156                HAL_NVIC_EnableIRQ
 .text.HAL_SYSTICK_Config
                0x0000000008007176       0x1a ./Drivers/STM32G0xx_HAL_Driver/Src/stm32g0xx_hal_cortex.o
                0x0000000008007176                HAL_SYSTICK_Config
 .text.HAL_DMA_Init
                0x0000000008007190      0x114 ./Drivers/STM32G0xx_HAL_Driver/Src/stm32g0xx_hal_dma.o
                0x0000000008007190                HAL_DMA_Init
 .text.HAL_DMA_Start_IT
                0x00000000080072a4      0x10c ./Drivers/STM32G0xx_HAL_Driver/Src/stm32g0xx_hal_dma.o
                0x00000000080072a4                HAL_DMA_Start_IT
 .text.HAL_DMA_Abort
                0x00000000080073b0       0xc4 ./Drivers/STM32G0xx_HAL_Driver/Src/stm32g0xx_hal_dma.o
                0x00000000080073b0                HAL_DMA_Abort
 .text.HAL_DMA_IRQHandler
                0x0000000008007474      0x164 ./Drivers/STM32G0xx_HAL_Driver/Src/stm32g0xx_hal_dma.o
                0x0000000008007474                HAL_DMA_IRQHandler
 .text.HAL_DMA_GetState
                0x00000000080075d8       0x18 ./Drivers/STM32G0xx_HAL_Driver/Src/stm32g0xx_hal_dma.o
                0x00000000080075d8                HAL_DMA_GetState
 .text.DMA_SetConfig
                0x00000000080075f0       0x80 ./Drivers/STM32G0xx_HAL_Driver/Src/stm32g0xx_hal_dma.o
 .text.DMA_CalcDMAMUXChannelBaseAndMask
                0x0000000008007670       0x58 ./Drivers/STM32G0xx_HAL_Driver/Src/stm32g0xx_hal_dma.o
 .text.DMA_CalcDMAMUXRequestGenBaseAndMask
                0x00000000080076c8       0x48 ./Drivers/STM32G0xx_HAL_Driver/Src/stm32g0xx_hal_dma.o
 .text.HAL_GPIO_Init
                0x0000000008007710      0x2c8 ./Drivers/STM32G0xx_HAL_Driver/Src/stm32g0xx_hal_gpio.o
                0x0000000008007710                HAL_GPIO_Init
 .text.HAL_GPIO_WritePin
                0x00000000080079d8       0x3a ./Drivers/STM32G0xx_HAL_Driver/Src/stm32g0xx_hal_gpio.o
                0x00000000080079d8                HAL_GPIO_WritePin
 *fill*         0x0000000008007a12        0x2 
 .text.HAL_PWREx_ControlVoltageScaling
                0x0000000008007a14       0x80 ./Drivers/STM32G0xx_HAL_Driver/Src/stm32g0xx_hal_pwr_ex.o
                0x0000000008007a14                HAL_PWREx_ControlVoltageScaling
 .text.LL_RCC_GetAPB1Prescaler
                0x0000000008007a94       0x18 ./Drivers/STM32G0xx_HAL_Driver/Src/stm32g0xx_hal_rcc.o
 .text.HAL_RCC_OscConfig
                0x0000000008007aac      0x640 ./Drivers/STM32G0xx_HAL_Driver/Src/stm32g0xx_hal_rcc.o
                0x0000000008007aac                HAL_RCC_OscConfig
 .text.HAL_RCC_ClockConfig
                0x00000000080080ec      0x210 ./Drivers/STM32G0xx_HAL_Driver/Src/stm32g0xx_hal_rcc.o
                0x00000000080080ec                HAL_RCC_ClockConfig
 .text.HAL_RCC_GetSysClockFreq
                0x00000000080082fc      0x104 ./Drivers/STM32G0xx_HAL_Driver/Src/stm32g0xx_hal_rcc.o
                0x00000000080082fc                HAL_RCC_GetSysClockFreq
 .text.HAL_RCC_GetHCLKFreq
                0x0000000008008400       0x14 ./Drivers/STM32G0xx_HAL_Driver/Src/stm32g0xx_hal_rcc.o
                0x0000000008008400                HAL_RCC_GetHCLKFreq
 .text.HAL_RCC_GetPCLK1Freq
                0x0000000008008414       0x2c ./Drivers/STM32G0xx_HAL_Driver/Src/stm32g0xx_hal_rcc.o
                0x0000000008008414                HAL_RCC_GetPCLK1Freq
 .text.HAL_RCCEx_PeriphCLKConfig
                0x0000000008008440      0x370 ./Drivers/STM32G0xx_HAL_Driver/Src/stm32g0xx_hal_rcc_ex.o
                0x0000000008008440                HAL_RCCEx_PeriphCLKConfig
 .text.HAL_SPI_Init
                0x00000000080087b0      0x170 ./Drivers/STM32G0xx_HAL_Driver/Src/stm32g0xx_hal_spi.o
                0x00000000080087b0                HAL_SPI_Init
 .text.HAL_SPI_Transmit_DMA
                0x0000000008008920      0x20c ./Drivers/STM32G0xx_HAL_Driver/Src/stm32g0xx_hal_spi.o
                0x0000000008008920                HAL_SPI_Transmit_DMA
 .text.HAL_SPI_DMAStop
                0x0000000008008b2c       0x88 ./Drivers/STM32G0xx_HAL_Driver/Src/stm32g0xx_hal_spi.o
                0x0000000008008b2c                HAL_SPI_DMAStop
 .text.HAL_SPI_TxHalfCpltCallback
                0x0000000008008bb4       0x10 ./Drivers/STM32G0xx_HAL_Driver/Src/stm32g0xx_hal_spi.o
                0x0000000008008bb4                HAL_SPI_TxHalfCpltCallback
 .text.HAL_SPI_ErrorCallback
                0x0000000008008bc4       0x10 ./Drivers/STM32G0xx_HAL_Driver/Src/stm32g0xx_hal_spi.o
                0x0000000008008bc4                HAL_SPI_ErrorCallback
 .text.SPI_DMATransmitCplt
                0x0000000008008bd4       0xac ./Drivers/STM32G0xx_HAL_Driver/Src/stm32g0xx_hal_spi.o
 .text.SPI_DMAHalfTransmitCplt
                0x0000000008008c80       0x1e ./Drivers/STM32G0xx_HAL_Driver/Src/stm32g0xx_hal_spi.o
 .text.SPI_DMAError
                0x0000000008008c9e       0x42 ./Drivers/STM32G0xx_HAL_Driver/Src/stm32g0xx_hal_spi.o
 .text.SPI_WaitFlagStateUntilTimeout
                0x0000000008008ce0      0x11c ./Drivers/STM32G0xx_HAL_Driver/Src/stm32g0xx_hal_spi.o
 .text.SPI_WaitFifoStateUntilTimeout
                0x0000000008008dfc      0x144 ./Drivers/STM32G0xx_HAL_Driver/Src/stm32g0xx_hal_spi.o
 .text.SPI_EndRxTxTransaction
                0x0000000008008f40       0x8c ./Drivers/STM32G0xx_HAL_Driver/Src/stm32g0xx_hal_spi.o
 .text.HAL_UART_Init
                0x0000000008008fcc       0xac ./Drivers/STM32G0xx_HAL_Driver/Src/stm32g0xx_hal_uart.o
                0x0000000008008fcc                HAL_UART_Init
 .text.UART_SetConfig
                0x0000000008009078      0x5bc ./Drivers/STM32G0xx_HAL_Driver/Src/stm32g0xx_hal_uart.o
                0x0000000008009078                UART_SetConfig
 .text.UART_AdvFeatureConfig
                0x0000000008009634      0x168 ./Drivers/STM32G0xx_HAL_Driver/Src/stm32g0xx_hal_uart.o
                0x0000000008009634                UART_AdvFeatureConfig
 .text.UART_CheckIdleState
                0x000000000800979c       0x94 ./Drivers/STM32G0xx_HAL_Driver/Src/stm32g0xx_hal_uart.o
                0x000000000800979c                UART_CheckIdleState
 .text.UART_WaitOnFlagUntilTimeout
                0x0000000008009830      0x190 ./Drivers/STM32G0xx_HAL_Driver/Src/stm32g0xx_hal_uart.o
                0x0000000008009830                UART_WaitOnFlagUntilTimeout
 .text.HAL_UARTEx_DisableFifoMode
                0x00000000080099c0       0x74 ./Drivers/STM32G0xx_HAL_Driver/Src/stm32g0xx_hal_uart_ex.o
                0x00000000080099c0                HAL_UARTEx_DisableFifoMode
 .text.HAL_UARTEx_SetTxFifoThreshold
                0x0000000008009a34       0x7e ./Drivers/STM32G0xx_HAL_Driver/Src/stm32g0xx_hal_uart_ex.o
                0x0000000008009a34                HAL_UARTEx_SetTxFifoThreshold
 *fill*         0x0000000008009ab2        0x2 
 .text.HAL_UARTEx_SetRxFifoThreshold
                0x0000000008009ab4       0x84 ./Drivers/STM32G0xx_HAL_Driver/Src/stm32g0xx_hal_uart_ex.o
                0x0000000008009ab4                HAL_UARTEx_SetRxFifoThreshold
 .text.UARTEx_SetNbDataToProcess
                0x0000000008009b38       0xbc ./Drivers/STM32G0xx_HAL_Driver/Src/stm32g0xx_hal_uart_ex.o
 .text.calloc   0x0000000008009bf4       0x14 c:/st/stm32cubeide_1.5.1/stm32cubeide/plugins/com.st.stm32cube.ide.mcu.externaltools.gnu-tools-for-stm32.9-2020-q2-update.win32_2.0.0.202105311346/tools/bin/../lib/gcc/arm-none-eabi/9.3.1/../../../../arm-none-eabi/lib/thumb/v6-m/nofp\libc_nano.a(lib_a-calloc.o)
                0x0000000008009bf4                calloc
 .text.__errno  0x0000000008009c08        0xc c:/st/stm32cubeide_1.5.1/stm32cubeide/plugins/com.st.stm32cube.ide.mcu.externaltools.gnu-tools-for-stm32.9-2020-q2-update.win32_2.0.0.202105311346/tools/bin/../lib/gcc/arm-none-eabi/9.3.1/../../../../arm-none-eabi/lib/thumb/v6-m/nofp\libc_nano.a(lib_a-errno.o)
                0x0000000008009c08                __errno
 .text.__libc_init_array
                0x0000000008009c14       0x48 c:/st/stm32cubeide_1.5.1/stm32cubeide/plugins/com.st.stm32cube.ide.mcu.externaltools.gnu-tools-for-stm32.9-2020-q2-update.win32_2.0.0.202105311346/tools/bin/../lib/gcc/arm-none-eabi/9.3.1/../../../../arm-none-eabi/lib/thumb/v6-m/nofp\libc_nano.a(lib_a-init.o)
                0x0000000008009c14                __libc_init_array
 .text.malloc   0x0000000008009c5c       0x14 c:/st/stm32cubeide_1.5.1/stm32cubeide/plugins/com.st.stm32cube.ide.mcu.externaltools.gnu-tools-for-stm32.9-2020-q2-update.win32_2.0.0.202105311346/tools/bin/../lib/gcc/arm-none-eabi/9.3.1/../../../../arm-none-eabi/lib/thumb/v6-m/nofp\libc_nano.a(lib_a-malloc.o)
                0x0000000008009c5c                malloc
 .text.free     0x0000000008009c70       0x14 c:/st/stm32cubeide_1.5.1/stm32cubeide/plugins/com.st.stm32cube.ide.mcu.externaltools.gnu-tools-for-stm32.9-2020-q2-update.win32_2.0.0.202105311346/tools/bin/../lib/gcc/arm-none-eabi/9.3.1/../../../../arm-none-eabi/lib/thumb/v6-m/nofp\libc_nano.a(lib_a-malloc.o)
                0x0000000008009c70                free
 .text.memcpy   0x0000000008009c84       0x12 c:/st/stm32cubeide_1.5.1/stm32cubeide/plugins/com.st.stm32cube.ide.mcu.externaltools.gnu-tools-for-stm32.9-2020-q2-update.win32_2.0.0.202105311346/tools/bin/../lib/gcc/arm-none-eabi/9.3.1/../../../../arm-none-eabi/lib/thumb/v6-m/nofp\libc_nano.a(lib_a-memcpy-stub.o)
                0x0000000008009c84                memcpy
 .text.memset   0x0000000008009c96       0x10 c:/st/stm32cubeide_1.5.1/stm32cubeide/plugins/com.st.stm32cube.ide.mcu.externaltools.gnu-tools-for-stm32.9-2020-q2-update.win32_2.0.0.202105311346/tools/bin/../lib/gcc/arm-none-eabi/9.3.1/../../../../arm-none-eabi/lib/thumb/v6-m/nofp\libc_nano.a(lib_a-memset.o)
                0x0000000008009c96                memset
 .text._calloc_r
                0x0000000008009ca6       0x1c c:/st/stm32cubeide_1.5.1/stm32cubeide/plugins/com.st.stm32cube.ide.mcu.externaltools.gnu-tools-for-stm32.9-2020-q2-update.win32_2.0.0.202105311346/tools/bin/../lib/gcc/arm-none-eabi/9.3.1/../../../../arm-none-eabi/lib/thumb/v6-m/nofp\libc_nano.a(lib_a-nano-callocr.o)
                0x0000000008009ca6                _calloc_r
 *fill*         0x0000000008009cc2        0x2 
 .text._free_r  0x0000000008009cc4       0x94 c:/st/stm32cubeide_1.5.1/stm32cubeide/plugins/com.st.stm32cube.ide.mcu.externaltools.gnu-tools-for-stm32.9-2020-q2-update.win32_2.0.0.202105311346/tools/bin/../lib/gcc/arm-none-eabi/9.3.1/../../../../arm-none-eabi/lib/thumb/v6-m/nofp\libc_nano.a(lib_a-nano-freer.o)
                0x0000000008009cc4                _free_r
 .text._malloc_r
                0x0000000008009d58       0xbc c:/st/stm32cubeide_1.5.1/stm32cubeide/plugins/com.st.stm32cube.ide.mcu.externaltools.gnu-tools-for-stm32.9-2020-q2-update.win32_2.0.0.202105311346/tools/bin/../lib/gcc/arm-none-eabi/9.3.1/../../../../arm-none-eabi/lib/thumb/v6-m/nofp\libc_nano.a(lib_a-nano-mallocr.o)
                0x0000000008009d58                _malloc_r
 .text.rand     0x0000000008009e14       0x7c c:/st/stm32cubeide_1.5.1/stm32cubeide/plugins/com.st.stm32cube.ide.mcu.externaltools.gnu-tools-for-stm32.9-2020-q2-update.win32_2.0.0.202105311346/tools/bin/../lib/gcc/arm-none-eabi/9.3.1/../../../../arm-none-eabi/lib/thumb/v6-m/nofp\libc_nano.a(lib_a-rand.o)
                0x0000000008009e14                rand
 .text._sbrk_r  0x0000000008009e90       0x24 c:/st/stm32cubeide_1.5.1/stm32cubeide/plugins/com.st.stm32cube.ide.mcu.externaltools.gnu-tools-for-stm32.9-2020-q2-update.win32_2.0.0.202105311346/tools/bin/../lib/gcc/arm-none-eabi/9.3.1/../../../../arm-none-eabi/lib/thumb/v6-m/nofp\libc_nano.a(lib_a-sbrkr.o)
                0x0000000008009e90                _sbrk_r
 .text.__assert_func
                0x0000000008009eb4       0x3c c:/st/stm32cubeide_1.5.1/stm32cubeide/plugins/com.st.stm32cube.ide.mcu.externaltools.gnu-tools-for-stm32.9-2020-q2-update.win32_2.0.0.202105311346/tools/bin/../lib/gcc/arm-none-eabi/9.3.1/../../../../arm-none-eabi/lib/thumb/v6-m/nofp\libc_nano.a(lib_a-assert.o)
                0x0000000008009eb4                __assert_func
 .text.fprintf  0x0000000008009ef0       0x20 c:/st/stm32cubeide_1.5.1/stm32cubeide/plugins/com.st.stm32cube.ide.mcu.externaltools.gnu-tools-for-stm32.9-2020-q2-update.win32_2.0.0.202105311346/tools/bin/../lib/gcc/arm-none-eabi/9.3.1/../../../../arm-none-eabi/lib/thumb/v6-m/nofp\libc_nano.a(lib_a-fprintf.o)
                0x0000000008009ef0                fiprintf
                0x0000000008009ef0                fprintf
 .text.__malloc_lock
                0x0000000008009f10       0x10 c:/st/stm32cubeide_1.5.1/stm32cubeide/plugins/com.st.stm32cube.ide.mcu.externaltools.gnu-tools-for-stm32.9-2020-q2-update.win32_2.0.0.202105311346/tools/bin/../lib/gcc/arm-none-eabi/9.3.1/../../../../arm-none-eabi/lib/thumb/v6-m/nofp\libc_nano.a(lib_a-mlock.o)
                0x0000000008009f10                __malloc_lock
 .text.__malloc_unlock
                0x0000000008009f20       0x10 c:/st/stm32cubeide_1.5.1/stm32cubeide/plugins/com.st.stm32cube.ide.mcu.externaltools.gnu-tools-for-stm32.9-2020-q2-update.win32_2.0.0.202105311346/tools/bin/../lib/gcc/arm-none-eabi/9.3.1/../../../../arm-none-eabi/lib/thumb/v6-m/nofp\libc_nano.a(lib_a-mlock.o)
                0x0000000008009f20                __malloc_unlock
 .text.__sfputc_r
                0x0000000008009f30       0x2a c:/st/stm32cubeide_1.5.1/stm32cubeide/plugins/com.st.stm32cube.ide.mcu.externaltools.gnu-tools-for-stm32.9-2020-q2-update.win32_2.0.0.202105311346/tools/bin/../lib/gcc/arm-none-eabi/9.3.1/../../../../arm-none-eabi/lib/thumb/v6-m/nofp\libc_nano.a(lib_a-nano-vfprintf.o)
 .text.__sfputs_r
                0x0000000008009f5a       0x24 c:/st/stm32cubeide_1.5.1/stm32cubeide/plugins/com.st.stm32cube.ide.mcu.externaltools.gnu-tools-for-stm32.9-2020-q2-update.win32_2.0.0.202105311346/tools/bin/../lib/gcc/arm-none-eabi/9.3.1/../../../../arm-none-eabi/lib/thumb/v6-m/nofp\libc_nano.a(lib_a-nano-vfprintf.o)
                0x0000000008009f5a                __sfputs_r
 *fill*         0x0000000008009f7e        0x2 
 .text._vfprintf_r
                0x0000000008009f80      0x274 c:/st/stm32cubeide_1.5.1/stm32cubeide/plugins/com.st.stm32cube.ide.mcu.externaltools.gnu-tools-for-stm32.9-2020-q2-update.win32_2.0.0.202105311346/tools/bin/../lib/gcc/arm-none-eabi/9.3.1/../../../../arm-none-eabi/lib/thumb/v6-m/nofp\libc_nano.a(lib_a-nano-vfprintf.o)
                0x0000000008009f80                _vfprintf_r
                0x0000000008009f80                _vfiprintf_r
 .text._printf_common
                0x000000000800a1f4       0xde c:/st/stm32cubeide_1.5.1/stm32cubeide/plugins/com.st.stm32cube.ide.mcu.externaltools.gnu-tools-for-stm32.9-2020-q2-update.win32_2.0.0.202105311346/tools/bin/../lib/gcc/arm-none-eabi/9.3.1/../../../../arm-none-eabi/lib/thumb/v6-m/nofp\libc_nano.a(lib_a-nano-vfprintf_i.o)
                0x000000000800a1f4                _printf_common
 *fill*         0x000000000800a2d2        0x2 
 .text._printf_i
                0x000000000800a2d4      0x224 c:/st/stm32cubeide_1.5.1/stm32cubeide/plugins/com.st.stm32cube.ide.mcu.externaltools.gnu-tools-for-stm32.9-2020-q2-update.win32_2.0.0.202105311346/tools/bin/../lib/gcc/arm-none-eabi/9.3.1/../../../../arm-none-eabi/lib/thumb/v6-m/nofp\libc_nano.a(lib_a-nano-vfprintf_i.o)
                0x000000000800a2d4                _printf_i
 .text.__swbuf_r
                0x000000000800a4f8       0xac c:/st/stm32cubeide_1.5.1/stm32cubeide/plugins/com.st.stm32cube.ide.mcu.externaltools.gnu-tools-for-stm32.9-2020-q2-update.win32_2.0.0.202105311346/tools/bin/../lib/gcc/arm-none-eabi/9.3.1/../../../../arm-none-eabi/lib/thumb/v6-m/nofp\libc_nano.a(lib_a-wbuf.o)
                0x000000000800a4f8                __swbuf_r
 .text.__swsetup_r
                0x000000000800a5a4       0xf0 c:/st/stm32cubeide_1.5.1/stm32cubeide/plugins/com.st.stm32cube.ide.mcu.externaltools.gnu-tools-for-stm32.9-2020-q2-update.win32_2.0.0.202105311346/tools/bin/../lib/gcc/arm-none-eabi/9.3.1/../../../../arm-none-eabi/lib/thumb/v6-m/nofp\libc_nano.a(lib_a-wsetup.o)
                0x000000000800a5a4                __swsetup_r
 .text.abort    0x000000000800a694        0xe c:/st/stm32cubeide_1.5.1/stm32cubeide/plugins/com.st.stm32cube.ide.mcu.externaltools.gnu-tools-for-stm32.9-2020-q2-update.win32_2.0.0.202105311346/tools/bin/../lib/gcc/arm-none-eabi/9.3.1/../../../../arm-none-eabi/lib/thumb/v6-m/nofp\libc_nano.a(lib_a-abort.o)
                0x000000000800a694                abort
 *fill*         0x000000000800a6a2        0x2 
 .text.__sflush_r
                0x000000000800a6a4      0x118 c:/st/stm32cubeide_1.5.1/stm32cubeide/plugins/com.st.stm32cube.ide.mcu.externaltools.gnu-tools-for-stm32.9-2020-q2-update.win32_2.0.0.202105311346/tools/bin/../lib/gcc/arm-none-eabi/9.3.1/../../../../arm-none-eabi/lib/thumb/v6-m/nofp\libc_nano.a(lib_a-fflush.o)
                0x000000000800a6a4                __sflush_r
 .text._fflush_r
                0x000000000800a7bc       0x80 c:/st/stm32cubeide_1.5.1/stm32cubeide/plugins/com.st.stm32cube.ide.mcu.externaltools.gnu-tools-for-stm32.9-2020-q2-update.win32_2.0.0.202105311346/tools/bin/../lib/gcc/arm-none-eabi/9.3.1/../../../../arm-none-eabi/lib/thumb/v6-m/nofp\libc_nano.a(lib_a-fflush.o)
                0x000000000800a7bc                _fflush_r
 .text.std      0x000000000800a83c       0x48 c:/st/stm32cubeide_1.5.1/stm32cubeide/plugins/com.st.stm32cube.ide.mcu.externaltools.gnu-tools-for-stm32.9-2020-q2-update.win32_2.0.0.202105311346/tools/bin/../lib/gcc/arm-none-eabi/9.3.1/../../../../arm-none-eabi/lib/thumb/v6-m/nofp\libc_nano.a(lib_a-findfp.o)
 .text._cleanup_r
                0x000000000800a884       0x10 c:/st/stm32cubeide_1.5.1/stm32cubeide/plugins/com.st.stm32cube.ide.mcu.externaltools.gnu-tools-for-stm32.9-2020-q2-update.win32_2.0.0.202105311346/tools/bin/../lib/gcc/arm-none-eabi/9.3.1/../../../../arm-none-eabi/lib/thumb/v6-m/nofp\libc_nano.a(lib_a-findfp.o)
                0x000000000800a884                _cleanup_r
 .text.__sfmoreglue
                0x000000000800a894       0x2c c:/st/stm32cubeide_1.5.1/stm32cubeide/plugins/com.st.stm32cube.ide.mcu.externaltools.gnu-tools-for-stm32.9-2020-q2-update.win32_2.0.0.202105311346/tools/bin/../lib/gcc/arm-none-eabi/9.3.1/../../../../arm-none-eabi/lib/thumb/v6-m/nofp\libc_nano.a(lib_a-findfp.o)
                0x000000000800a894                __sfmoreglue
 .text.__sfp_lock_acquire
                0x000000000800a8c0       0x10 c:/st/stm32cubeide_1.5.1/stm32cubeide/plugins/com.st.stm32cube.ide.mcu.externaltools.gnu-tools-for-stm32.9-2020-q2-update.win32_2.0.0.202105311346/tools/bin/../lib/gcc/arm-none-eabi/9.3.1/../../../../arm-none-eabi/lib/thumb/v6-m/nofp\libc_nano.a(lib_a-findfp.o)
                0x000000000800a8c0                __sfp_lock_acquire
 .text.__sfp_lock_release
                0x000000000800a8d0       0x10 c:/st/stm32cubeide_1.5.1/stm32cubeide/plugins/com.st.stm32cube.ide.mcu.externaltools.gnu-tools-for-stm32.9-2020-q2-update.win32_2.0.0.202105311346/tools/bin/../lib/gcc/arm-none-eabi/9.3.1/../../../../arm-none-eabi/lib/thumb/v6-m/nofp\libc_nano.a(lib_a-findfp.o)
                0x000000000800a8d0                __sfp_lock_release
 .text.__sinit_lock_acquire
                0x000000000800a8e0       0x10 c:/st/stm32cubeide_1.5.1/stm32cubeide/plugins/com.st.stm32cube.ide.mcu.externaltools.gnu-tools-for-stm32.9-2020-q2-update.win32_2.0.0.202105311346/tools/bin/../lib/gcc/arm-none-eabi/9.3.1/../../../../arm-none-eabi/lib/thumb/v6-m/nofp\libc_nano.a(lib_a-findfp.o)
                0x000000000800a8e0                __sinit_lock_acquire
 .text.__sinit_lock_release
                0x000000000800a8f0       0x10 c:/st/stm32cubeide_1.5.1/stm32cubeide/plugins/com.st.stm32cube.ide.mcu.externaltools.gnu-tools-for-stm32.9-2020-q2-update.win32_2.0.0.202105311346/tools/bin/../lib/gcc/arm-none-eabi/9.3.1/../../../../arm-none-eabi/lib/thumb/v6-m/nofp\libc_nano.a(lib_a-findfp.o)
                0x000000000800a8f0                __sinit_lock_release
 .text.__sinit  0x000000000800a900       0x70 c:/st/stm32cubeide_1.5.1/stm32cubeide/plugins/com.st.stm32cube.ide.mcu.externaltools.gnu-tools-for-stm32.9-2020-q2-update.win32_2.0.0.202105311346/tools/bin/../lib/gcc/arm-none-eabi/9.3.1/../../../../arm-none-eabi/lib/thumb/v6-m/nofp\libc_nano.a(lib_a-findfp.o)
                0x000000000800a900                __sinit
 .text.__sfp    0x000000000800a970       0x90 c:/st/stm32cubeide_1.5.1/stm32cubeide/plugins/com.st.stm32cube.ide.mcu.externaltools.gnu-tools-for-stm32.9-2020-q2-update.win32_2.0.0.202105311346/tools/bin/../lib/gcc/arm-none-eabi/9.3.1/../../../../arm-none-eabi/lib/thumb/v6-m/nofp\libc_nano.a(lib_a-findfp.o)
                0x000000000800a970                __sfp
 .text._fwalk_reent
                0x000000000800aa00       0x40 c:/st/stm32cubeide_1.5.1/stm32cubeide/plugins/com.st.stm32cube.ide.mcu.externaltools.gnu-tools-for-stm32.9-2020-q2-update.win32_2.0.0.202105311346/tools/bin/../lib/gcc/arm-none-eabi/9.3.1/../../../../arm-none-eabi/lib/thumb/v6-m/nofp\libc_nano.a(lib_a-fwalk.o)
                0x000000000800aa00                _fwalk_reent
 .text.__retarget_lock_init_recursive
                0x000000000800aa40        0x2 c:/st/stm32cubeide_1.5.1/stm32cubeide/plugins/com.st.stm32cube.ide.mcu.externaltools.gnu-tools-for-stm32.9-2020-q2-update.win32_2.0.0.202105311346/tools/bin/../lib/gcc/arm-none-eabi/9.3.1/../../../../arm-none-eabi/lib/thumb/v6-m/nofp\libc_nano.a(lib_a-lock.o)
                0x000000000800aa40                __retarget_lock_init_recursive
 .text.__retarget_lock_acquire_recursive
                0x000000000800aa42        0x2 c:/st/stm32cubeide_1.5.1/stm32cubeide/plugins/com.st.stm32cube.ide.mcu.externaltools.gnu-tools-for-stm32.9-2020-q2-update.win32_2.0.0.202105311346/tools/bin/../lib/gcc/arm-none-eabi/9.3.1/../../../../arm-none-eabi/lib/thumb/v6-m/nofp\libc_nano.a(lib_a-lock.o)
                0x000000000800aa42                __retarget_lock_acquire_recursive
 .text.__retarget_lock_release_recursive
                0x000000000800aa44        0x2 c:/st/stm32cubeide_1.5.1/stm32cubeide/plugins/com.st.stm32cube.ide.mcu.externaltools.gnu-tools-for-stm32.9-2020-q2-update.win32_2.0.0.202105311346/tools/bin/../lib/gcc/arm-none-eabi/9.3.1/../../../../arm-none-eabi/lib/thumb/v6-m/nofp\libc_nano.a(lib_a-lock.o)
                0x000000000800aa44                __retarget_lock_release_recursive
 *fill*         0x000000000800aa46        0x2 
 .text.__swhatbuf_r
                0x000000000800aa48       0x50 c:/st/stm32cubeide_1.5.1/stm32cubeide/plugins/com.st.stm32cube.ide.mcu.externaltools.gnu-tools-for-stm32.9-2020-q2-update.win32_2.0.0.202105311346/tools/bin/../lib/gcc/arm-none-eabi/9.3.1/../../../../arm-none-eabi/lib/thumb/v6-m/nofp\libc_nano.a(lib_a-makebuf.o)
                0x000000000800aa48                __swhatbuf_r
 .text.__smakebuf_r
                0x000000000800aa98       0x88 c:/st/stm32cubeide_1.5.1/stm32cubeide/plugins/com.st.stm32cube.ide.mcu.externaltools.gnu-tools-for-stm32.9-2020-q2-update.win32_2.0.0.202105311346/tools/bin/../lib/gcc/arm-none-eabi/9.3.1/../../../../arm-none-eabi/lib/thumb/v6-m/nofp\libc_nano.a(lib_a-makebuf.o)
                0x000000000800aa98                __smakebuf_r
 .text.memchr   0x000000000800ab20       0x16 c:/st/stm32cubeide_1.5.1/stm32cubeide/plugins/com.st.stm32cube.ide.mcu.externaltools.gnu-tools-for-stm32.9-2020-q2-update.win32_2.0.0.202105311346/tools/bin/../lib/gcc/arm-none-eabi/9.3.1/../../../../arm-none-eabi/lib/thumb/v6-m/nofp\libc_nano.a(lib_a-memchr-stub.o)
                0x000000000800ab20                memchr
 .text._raise_r
                0x000000000800ab36       0x54 c:/st/stm32cubeide_1.5.1/stm32cubeide/plugins/com.st.stm32cube.ide.mcu.externaltools.gnu-tools-for-stm32.9-2020-q2-update.win32_2.0.0.202105311346/tools/bin/../lib/gcc/arm-none-eabi/9.3.1/../../../../arm-none-eabi/lib/thumb/v6-m/nofp\libc_nano.a(lib_a-signal.o)
                0x000000000800ab36                _raise_r
 *fill*         0x000000000800ab8a        0x2 
 .text.raise    0x000000000800ab8c       0x14 c:/st/stm32cubeide_1.5.1/stm32cubeide/plugins/com.st.stm32cube.ide.mcu.externaltools.gnu-tools-for-stm32.9-2020-q2-update.win32_2.0.0.202105311346/tools/bin/../lib/gcc/arm-none-eabi/9.3.1/../../../../arm-none-eabi/lib/thumb/v6-m/nofp\libc_nano.a(lib_a-signal.o)
                0x000000000800ab8c                raise
 .text._kill_r  0x000000000800aba0       0x24 c:/st/stm32cubeide_1.5.1/stm32cubeide/plugins/com.st.stm32cube.ide.mcu.externaltools.gnu-tools-for-stm32.9-2020-q2-update.win32_2.0.0.202105311346/tools/bin/../lib/gcc/arm-none-eabi/9.3.1/../../../../arm-none-eabi/lib/thumb/v6-m/nofp\libc_nano.a(lib_a-signalr.o)
                0x000000000800aba0                _kill_r
 .text._getpid_r
                0x000000000800abc4        0x8 c:/st/stm32cubeide_1.5.1/stm32cubeide/plugins/com.st.stm32cube.ide.mcu.externaltools.gnu-tools-for-stm32.9-2020-q2-update.win32_2.0.0.202105311346/tools/bin/../lib/gcc/arm-none-eabi/9.3.1/../../../../arm-none-eabi/lib/thumb/v6-m/nofp\libc_nano.a(lib_a-signalr.o)
                0x000000000800abc4                _getpid_r
 .text.__sread  0x000000000800abcc       0x28 c:/st/stm32cubeide_1.5.1/stm32cubeide/plugins/com.st.stm32cube.ide.mcu.externaltools.gnu-tools-for-stm32.9-2020-q2-update.win32_2.0.0.202105311346/tools/bin/../lib/gcc/arm-none-eabi/9.3.1/../../../../arm-none-eabi/lib/thumb/v6-m/nofp\libc_nano.a(lib_a-stdio.o)
                0x000000000800abcc                __sread
 .text.__swrite
                0x000000000800abf4       0x38 c:/st/stm32cubeide_1.5.1/stm32cubeide/plugins/com.st.stm32cube.ide.mcu.externaltools.gnu-tools-for-stm32.9-2020-q2-update.win32_2.0.0.202105311346/tools/bin/../lib/gcc/arm-none-eabi/9.3.1/../../../../arm-none-eabi/lib/thumb/v6-m/nofp\libc_nano.a(lib_a-stdio.o)
                0x000000000800abf4                __swrite
 .text.__sseek  0x000000000800ac2c       0x2c c:/st/stm32cubeide_1.5.1/stm32cubeide/plugins/com.st.stm32cube.ide.mcu.externaltools.gnu-tools-for-stm32.9-2020-q2-update.win32_2.0.0.202105311346/tools/bin/../lib/gcc/arm-none-eabi/9.3.1/../../../../arm-none-eabi/lib/thumb/v6-m/nofp\libc_nano.a(lib_a-stdio.o)
                0x000000000800ac2c                __sseek
 .text.__sclose
                0x000000000800ac58        0xc c:/st/stm32cubeide_1.5.1/stm32cubeide/plugins/com.st.stm32cube.ide.mcu.externaltools.gnu-tools-for-stm32.9-2020-q2-update.win32_2.0.0.202105311346/tools/bin/../lib/gcc/arm-none-eabi/9.3.1/../../../../arm-none-eabi/lib/thumb/v6-m/nofp\libc_nano.a(lib_a-stdio.o)
                0x000000000800ac58                __sclose
 .text._write_r
                0x000000000800ac64       0x28 c:/st/stm32cubeide_1.5.1/stm32cubeide/plugins/com.st.stm32cube.ide.mcu.externaltools.gnu-tools-for-stm32.9-2020-q2-update.win32_2.0.0.202105311346/tools/bin/../lib/gcc/arm-none-eabi/9.3.1/../../../../arm-none-eabi/lib/thumb/v6-m/nofp\libc_nano.a(lib_a-writer.o)
                0x000000000800ac64                _write_r
 .text._close_r
                0x000000000800ac8c       0x24 c:/st/stm32cubeide_1.5.1/stm32cubeide/plugins/com.st.stm32cube.ide.mcu.externaltools.gnu-tools-for-stm32.9-2020-q2-update.win32_2.0.0.202105311346/tools/bin/../lib/gcc/arm-none-eabi/9.3.1/../../../../arm-none-eabi/lib/thumb/v6-m/nofp\libc_nano.a(lib_a-closer.o)
                0x000000000800ac8c                _close_r
 .text._fstat_r
                0x000000000800acb0       0x24 c:/st/stm32cubeide_1.5.1/stm32cubeide/plugins/com.st.stm32cube.ide.mcu.externaltools.gnu-tools-for-stm32.9-2020-q2-update.win32_2.0.0.202105311346/tools/bin/../lib/gcc/arm-none-eabi/9.3.1/../../../../arm-none-eabi/lib/thumb/v6-m/nofp\libc_nano.a(lib_a-fstatr.o)
                0x000000000800acb0                _fstat_r
 .text._isatty_r
                0x000000000800acd4       0x24 c:/st/stm32cubeide_1.5.1/stm32cubeide/plugins/com.st.stm32cube.ide.mcu.externaltools.gnu-tools-for-stm32.9-2020-q2-update.win32_2.0.0.202105311346/tools/bin/../lib/gcc/arm-none-eabi/9.3.1/../../../../arm-none-eabi/lib/thumb/v6-m/nofp\libc_nano.a(lib_a-isattyr.o)
                0x000000000800acd4                _isatty_r
 .text._lseek_r
                0x000000000800acf8       0x28 c:/st/stm32cubeide_1.5.1/stm32cubeide/plugins/com.st.stm32cube.ide.mcu.externaltools.gnu-tools-for-stm32.9-2020-q2-update.win32_2.0.0.202105311346/tools/bin/../lib/gcc/arm-none-eabi/9.3.1/../../../../arm-none-eabi/lib/thumb/v6-m/nofp\libc_nano.a(lib_a-lseekr.o)
                0x000000000800acf8                _lseek_r
 .text._read_r  0x000000000800ad20       0x28 c:/st/stm32cubeide_1.5.1/stm32cubeide/plugins/com.st.stm32cube.ide.mcu.externaltools.gnu-tools-for-stm32.9-2020-q2-update.win32_2.0.0.202105311346/tools/bin/../lib/gcc/arm-none-eabi/9.3.1/../../../../arm-none-eabi/lib/thumb/v6-m/nofp\libc_nano.a(lib_a-readr.o)
                0x000000000800ad20                _read_r
 *(.glue_7)
 .glue_7        0x000000000800ad48        0x0 linker stubs
 *(.glue_7t)
 .glue_7t       0x000000000800ad48        0x0 linker stubs
 *(.eh_frame)
 .eh_frame      0x000000000800ad48        0x0 c:/st/stm32cubeide_1.5.1/stm32cubeide/plugins/com.st.stm32cube.ide.mcu.externaltools.gnu-tools-for-stm32.9-2020-q2-update.win32_2.0.0.202105311346/tools/bin/../lib/gcc/arm-none-eabi/9.3.1/thumb/v6-m/nofp/crtbegin.o
 *(.init)
 .init          0x000000000800ad48        0x4 c:/st/stm32cubeide_1.5.1/stm32cubeide/plugins/com.st.stm32cube.ide.mcu.externaltools.gnu-tools-for-stm32.9-2020-q2-update.win32_2.0.0.202105311346/tools/bin/../lib/gcc/arm-none-eabi/9.3.1/thumb/v6-m/nofp/crti.o
                0x000000000800ad48                _init
 .init          0x000000000800ad4c        0x8 c:/st/stm32cubeide_1.5.1/stm32cubeide/plugins/com.st.stm32cube.ide.mcu.externaltools.gnu-tools-for-stm32.9-2020-q2-update.win32_2.0.0.202105311346/tools/bin/../lib/gcc/arm-none-eabi/9.3.1/thumb/v6-m/nofp/crtn.o
 *(.fini)
 .fini          0x000000000800ad54        0x4 c:/st/stm32cubeide_1.5.1/stm32cubeide/plugins/com.st.stm32cube.ide.mcu.externaltools.gnu-tools-for-stm32.9-2020-q2-update.win32_2.0.0.202105311346/tools/bin/../lib/gcc/arm-none-eabi/9.3.1/thumb/v6-m/nofp/crti.o
                0x000000000800ad54                _fini
 .fini          0x000000000800ad58        0x8 c:/st/stm32cubeide_1.5.1/stm32cubeide/plugins/com.st.stm32cube.ide.mcu.externaltools.gnu-tools-for-stm32.9-2020-q2-update.win32_2.0.0.202105311346/tools/bin/../lib/gcc/arm-none-eabi/9.3.1/thumb/v6-m/nofp/crtn.o
                0x000000000800ad60                . = ALIGN (0x4)
                0x000000000800ad60                _etext = .

.vfp11_veneer   0x000000000800ad60        0x0
 .vfp11_veneer  0x000000000800ad60        0x0 linker stubs

.v4_bx          0x000000000800ad60        0x0
 .v4_bx         0x000000000800ad60        0x0 linker stubs

.iplt           0x000000000800ad60        0x0
 .iplt          0x000000000800ad60        0x0 c:/st/stm32cubeide_1.5.1/stm32cubeide/plugins/com.st.stm32cube.ide.mcu.externaltools.gnu-tools-for-stm32.9-2020-q2-update.win32_2.0.0.202105311346/tools/bin/../lib/gcc/arm-none-eabi/9.3.1/thumb/v6-m/nofp/crtbegin.o

.rodata         0x000000000800ad60      0x2fc
                0x000000000800ad60                . = ALIGN (0x4)
 *(.rodata)
 *(.rodata*)
 .rodata.AHBPrescTable
                0x000000000800ad60       0x40 ./Core/Src/system_stm32g0xx.o
                0x000000000800ad60                AHBPrescTable
 .rodata.APBPrescTable
                0x000000000800ada0       0x20 ./Core/Src/system_stm32g0xx.o
                0x000000000800ada0                APBPrescTable
 .rodata._sineTable
                0x000000000800adc0      0x100 ./Core/Src/ws2811.o
 .rodata.WS2811FX_HSVtoRGB
                0x000000000800aec0       0x14 ./Core/Src/ws2811_fx.o
 .rodata.rateMapH.8044
                0x000000000800aed4        0x8 ./Core/Src/ws2811_fx.o
 .rodata.rateMapL.8045
                0x000000000800aedc        0x8 ./Core/Src/ws2811_fx.o
 .rodata.flash_count.8343
                0x000000000800aee4        0x1 ./Core/Src/ws2811_fx.o
 .rodata.flash_count.8355
                0x000000000800aee5        0x1 ./Core/Src/ws2811_fx.o
 *fill*         0x000000000800aee6        0x2 
 .rodata.UARTPrescTable
                0x000000000800aee8       0x18 ./Drivers/STM32G0xx_HAL_Driver/Src/stm32g0xx_hal_uart.o
                0x000000000800aee8                UARTPrescTable
 .rodata.numerator.6941
                0x000000000800af00        0x8 ./Drivers/STM32G0xx_HAL_Driver/Src/stm32g0xx_hal_uart_ex.o
 .rodata.denominator.6942
                0x000000000800af08        0x8 ./Drivers/STM32G0xx_HAL_Driver/Src/stm32g0xx_hal_uart_ex.o
 .rodata._global_impure_ptr
                0x000000000800af10        0x4 c:/st/stm32cubeide_1.5.1/stm32cubeide/plugins/com.st.stm32cube.ide.mcu.externaltools.gnu-tools-for-stm32.9-2020-q2-update.win32_2.0.0.202105311346/tools/bin/../lib/gcc/arm-none-eabi/9.3.1/../../../../arm-none-eabi/lib/thumb/v6-m/nofp\libc_nano.a(lib_a-impure.o)
                0x000000000800af10                _global_impure_ptr
 .rodata.srand.str1.1
                0x000000000800af14       0x76 c:/st/stm32cubeide_1.5.1/stm32cubeide/plugins/com.st.stm32cube.ide.mcu.externaltools.gnu-tools-for-stm32.9-2020-q2-update.win32_2.0.0.202105311346/tools/bin/../lib/gcc/arm-none-eabi/9.3.1/../../../../arm-none-eabi/lib/thumb/v6-m/nofp\libc_nano.a(lib_a-rand.o)
 .rodata.__assert_func.str1.1
                0x000000000800af8a       0x3c c:/st/stm32cubeide_1.5.1/stm32cubeide/plugins/com.st.stm32cube.ide.mcu.externaltools.gnu-tools-for-stm32.9-2020-q2-update.win32_2.0.0.202105311346/tools/bin/../lib/gcc/arm-none-eabi/9.3.1/../../../../arm-none-eabi/lib/thumb/v6-m/nofp\libc_nano.a(lib_a-assert.o)
                                         0x3d (size before relaxing)
 .rodata._vfprintf_r.str1.1
                0x000000000800afc6       0x11 c:/st/stm32cubeide_1.5.1/stm32cubeide/plugins/com.st.stm32cube.ide.mcu.externaltools.gnu-tools-for-stm32.9-2020-q2-update.win32_2.0.0.202105311346/tools/bin/../lib/gcc/arm-none-eabi/9.3.1/../../../../arm-none-eabi/lib/thumb/v6-m/nofp\libc_nano.a(lib_a-nano-vfprintf.o)
 .rodata._printf_i.str1.1
                0x000000000800afd7       0x22 c:/st/stm32cubeide_1.5.1/stm32cubeide/plugins/com.st.stm32cube.ide.mcu.externaltools.gnu-tools-for-stm32.9-2020-q2-update.win32_2.0.0.202105311346/tools/bin/../lib/gcc/arm-none-eabi/9.3.1/../../../../arm-none-eabi/lib/thumb/v6-m/nofp\libc_nano.a(lib_a-nano-vfprintf_i.o)
 *fill*         0x000000000800aff9        0x3 
 .rodata.__sf_fake_stderr
                0x000000000800affc       0x20 c:/st/stm32cubeide_1.5.1/stm32cubeide/plugins/com.st.stm32cube.ide.mcu.externaltools.gnu-tools-for-stm32.9-2020-q2-update.win32_2.0.0.202105311346/tools/bin/../lib/gcc/arm-none-eabi/9.3.1/../../../../arm-none-eabi/lib/thumb/v6-m/nofp\libc_nano.a(lib_a-findfp.o)
                0x000000000800affc                __sf_fake_stderr
 .rodata.__sf_fake_stdin
                0x000000000800b01c       0x20 c:/st/stm32cubeide_1.5.1/stm32cubeide/plugins/com.st.stm32cube.ide.mcu.externaltools.gnu-tools-for-stm32.9-2020-q2-update.win32_2.0.0.202105311346/tools/bin/../lib/gcc/arm-none-eabi/9.3.1/../../../../arm-none-eabi/lib/thumb/v6-m/nofp\libc_nano.a(lib_a-findfp.o)
                0x000000000800b01c                __sf_fake_stdin
 .rodata.__sf_fake_stdout
                0x000000000800b03c       0x20 c:/st/stm32cubeide_1.5.1/stm32cubeide/plugins/com.st.stm32cube.ide.mcu.externaltools.gnu-tools-for-stm32.9-2020-q2-update.win32_2.0.0.202105311346/tools/bin/../lib/gcc/arm-none-eabi/9.3.1/../../../../arm-none-eabi/lib/thumb/v6-m/nofp\libc_nano.a(lib_a-findfp.o)
                0x000000000800b03c                __sf_fake_stdout
                0x000000000800b05c                . = ALIGN (0x4)

.ARM.extab      0x000000000800b05c        0x0
                0x000000000800b05c                . = ALIGN (0x4)
 *(.ARM.extab* .gnu.linkonce.armextab.*)
                0x000000000800b05c                . = ALIGN (0x4)

.ARM            0x000000000800b05c        0x8
                0x000000000800b05c                . = ALIGN (0x4)
                0x000000000800b05c                __exidx_start = .
 *(.ARM.exidx*)
 .ARM.exidx     0x000000000800b05c        0x8 c:/st/stm32cubeide_1.5.1/stm32cubeide/plugins/com.st.stm32cube.ide.mcu.externaltools.gnu-tools-for-stm32.9-2020-q2-update.win32_2.0.0.202105311346/tools/bin/../lib/gcc/arm-none-eabi/9.3.1/thumb/v6-m/nofp\libgcc.a(_udivmoddi4.o)
                0x000000000800b064                __exidx_end = .
                0x000000000800b064                . = ALIGN (0x4)

.rel.dyn        0x000000000800b064        0x0
 .rel.iplt      0x000000000800b064        0x0 c:/st/stm32cubeide_1.5.1/stm32cubeide/plugins/com.st.stm32cube.ide.mcu.externaltools.gnu-tools-for-stm32.9-2020-q2-update.win32_2.0.0.202105311346/tools/bin/../lib/gcc/arm-none-eabi/9.3.1/thumb/v6-m/nofp/crtbegin.o

.preinit_array  0x000000000800b064        0x0
                0x000000000800b064                . = ALIGN (0x4)
                0x000000000800b064                PROVIDE (__preinit_array_start = .)
 *(.preinit_array*)
                0x000000000800b064                PROVIDE (__preinit_array_end = .)
                0x000000000800b064                . = ALIGN (0x4)

.init_array     0x000000000800b064        0x4
                0x000000000800b064                . = ALIGN (0x4)
                0x000000000800b064                PROVIDE (__init_array_start = .)
 *(SORT_BY_NAME(.init_array.*))
 *(.init_array*)
 .init_array    0x000000000800b064        0x4 c:/st/stm32cubeide_1.5.1/stm32cubeide/plugins/com.st.stm32cube.ide.mcu.externaltools.gnu-tools-for-stm32.9-2020-q2-update.win32_2.0.0.202105311346/tools/bin/../lib/gcc/arm-none-eabi/9.3.1/thumb/v6-m/nofp/crtbegin.o
                0x000000000800b068                PROVIDE (__init_array_end = .)
                0x000000000800b068                . = ALIGN (0x4)

.fini_array     0x000000000800b068        0x4
                0x000000000800b068                . = ALIGN (0x4)
                [!provide]                        PROVIDE (__fini_array_start = .)
 *(SORT_BY_NAME(.fini_array.*))
 *(.fini_array*)
 .fini_array    0x000000000800b068        0x4 c:/st/stm32cubeide_1.5.1/stm32cubeide/plugins/com.st.stm32cube.ide.mcu.externaltools.gnu-tools-for-stm32.9-2020-q2-update.win32_2.0.0.202105311346/tools/bin/../lib/gcc/arm-none-eabi/9.3.1/thumb/v6-m/nofp/crtbegin.o
                [!provide]                        PROVIDE (__fini_array_end = .)
                0x000000000800b06c                . = ALIGN (0x4)
                0x000000000800b06c                _sidata = LOADADDR (.data)

.data           0x0000000020000000      0x158 load address 0x000000000800b06c
                0x0000000020000000                . = ALIGN (0x4)
                0x0000000020000000                _sdata = .
 *(.data)
 *(.data*)
 .data.SystemCoreClock
                0x0000000020000000        0x4 ./Core/Src/system_stm32g0xx.o
                0x0000000020000000                SystemCoreClock
 .data.mMode    0x0000000020000004       0xe8 ./Core/Src/ws2811_fx.o
                0x0000000020000004                mMode
 .data.uwTickPrio
                0x00000000200000ec        0x4 ./Drivers/STM32G0xx_HAL_Driver/Src/stm32g0xx_hal.o
                0x00000000200000ec                uwTickPrio
 .data.uwTickFreq
                0x00000000200000f0        0x1 ./Drivers/STM32G0xx_HAL_Driver/Src/stm32g0xx_hal.o
                0x00000000200000f0                uwTickFreq
 *fill*         0x00000000200000f1        0x3 
 .data._impure_ptr
                0x00000000200000f4        0x4 c:/st/stm32cubeide_1.5.1/stm32cubeide/plugins/com.st.stm32cube.ide.mcu.externaltools.gnu-tools-for-stm32.9-2020-q2-update.win32_2.0.0.202105311346/tools/bin/../lib/gcc/arm-none-eabi/9.3.1/../../../../arm-none-eabi/lib/thumb/v6-m/nofp\libc_nano.a(lib_a-impure.o)
                0x00000000200000f4                _impure_ptr
 .data.impure_data
                0x00000000200000f8       0x60 c:/st/stm32cubeide_1.5.1/stm32cubeide/plugins/com.st.stm32cube.ide.mcu.externaltools.gnu-tools-for-stm32.9-2020-q2-update.win32_2.0.0.202105311346/tools/bin/../lib/gcc/arm-none-eabi/9.3.1/../../../../arm-none-eabi/lib/thumb/v6-m/nofp\libc_nano.a(lib_a-impure.o)
 *(.RamFunc)
 *(.RamFunc*)
                0x0000000020000158                . = ALIGN (0x4)
                0x0000000020000158                _edata = .

.igot.plt       0x0000000020000158        0x0 load address 0x000000000800b1c4
 .igot.plt      0x0000000020000158        0x0 c:/st/stm32cubeide_1.5.1/stm32cubeide/plugins/com.st.stm32cube.ide.mcu.externaltools.gnu-tools-for-stm32.9-2020-q2-update.win32_2.0.0.202105311346/tools/bin/../lib/gcc/arm-none-eabi/9.3.1/thumb/v6-m/nofp/crtbegin.o
                0x0000000020000158                . = ALIGN (0x4)

.bss            0x0000000020000158      0x620 load address 0x000000000800b1c4
                0x0000000020000158                _sbss = .
                0x0000000020000158                __bss_start__ = _sbss
 *(.bss)
 .bss           0x0000000020000158       0x1c c:/st/stm32cubeide_1.5.1/stm32cubeide/plugins/com.st.stm32cube.ide.mcu.externaltools.gnu-tools-for-stm32.9-2020-q2-update.win32_2.0.0.202105311346/tools/bin/../lib/gcc/arm-none-eabi/9.3.1/thumb/v6-m/nofp/crtbegin.o
 *(.bss*)
 .bss.__sbrk_heap_end
                0x0000000020000174        0x4 ./Core/Src/sysmem.o
 .bss.buffer    0x0000000020000178      0x400 ./Core/Src/ws2811.o
 .bss.CurrentLed
                0x0000000020000578        0x2 ./Core/Src/ws2811.o
 .bss.ResetSignal
                0x000000002000057a        0x1 ./Core/Src/ws2811.o
 *fill*         0x000000002000057b        0x1 
 .bss.Ws28b11_Segments
                0x000000002000057c        0x4 ./Core/Src/ws2811_fx.o
                0x000000002000057c                Ws28b11_Segments
 .bss.trig.7861
                0x0000000020000580        0x1 ./Core/Src/ws2811_fx.o
 *fill*         0x0000000020000581        0x3 
 .bss.__malloc_free_list
                0x0000000020000584        0x4 c:/st/stm32cubeide_1.5.1/stm32cubeide/plugins/com.st.stm32cube.ide.mcu.externaltools.gnu-tools-for-stm32.9-2020-q2-update.win32_2.0.0.202105311346/tools/bin/../lib/gcc/arm-none-eabi/9.3.1/../../../../arm-none-eabi/lib/thumb/v6-m/nofp\libc_nano.a(lib_a-nano-mallocr.o)
                0x0000000020000584                __malloc_free_list
 .bss.__malloc_sbrk_start
                0x0000000020000588        0x4 c:/st/stm32cubeide_1.5.1/stm32cubeide/plugins/com.st.stm32cube.ide.mcu.externaltools.gnu-tools-for-stm32.9-2020-q2-update.win32_2.0.0.202105311346/tools/bin/../lib/gcc/arm-none-eabi/9.3.1/../../../../arm-none-eabi/lib/thumb/v6-m/nofp\libc_nano.a(lib_a-nano-mallocr.o)
                0x0000000020000588                __malloc_sbrk_start
 *(COMMON)
 COMMON         0x000000002000058c       0xc0 ./Core/Src/spi.o
                0x000000002000058c                hspi2
                0x00000000200005f0                hdma_spi2_tx
 COMMON         0x000000002000064c       0x90 ./Core/Src/usart.o
                0x000000002000064c                huart2
 COMMON         0x00000000200006dc       0x64 ./Core/Src/ws2811.o
                0x00000000200006dc                ws2811_array
                0x000000002000073c                hspi_ws2811
 COMMON         0x0000000020000740       0x22 ./Core/Src/ws2811_fx.o
                0x0000000020000740                mSegments
                0x0000000020000742                mRunning
                0x0000000020000744                mColor
                0x0000000020000750                mModeCallback
                0x0000000020000754                mActualSegment
                0x0000000020000758                mColor_w
                0x0000000020000761                mTriggered
 *fill*         0x0000000020000762        0x2 
 COMMON         0x0000000020000764        0x4 ./Drivers/STM32G0xx_HAL_Driver/Src/stm32g0xx_hal.o
                0x0000000020000764                uwTick
 COMMON         0x0000000020000768        0x4 c:/st/stm32cubeide_1.5.1/stm32cubeide/plugins/com.st.stm32cube.ide.mcu.externaltools.gnu-tools-for-stm32.9-2020-q2-update.win32_2.0.0.202105311346/tools/bin/../lib/gcc/arm-none-eabi/9.3.1/../../../../arm-none-eabi/lib/thumb/v6-m/nofp\libc_nano.a(lib_a-reent.o)
                0x0000000020000768                errno
 COMMON         0x000000002000076c        0x9 c:/st/stm32cubeide_1.5.1/stm32cubeide/plugins/com.st.stm32cube.ide.mcu.externaltools.gnu-tools-for-stm32.9-2020-q2-update.win32_2.0.0.202105311346/tools/bin/../lib/gcc/arm-none-eabi/9.3.1/../../../../arm-none-eabi/lib/thumb/v6-m/nofp\libc_nano.a(lib_a-lock.o)
                0x000000002000076c                __lock___atexit_recursive_mutex
                0x000000002000076d                __lock___arc4random_mutex
                0x000000002000076e                __lock___env_recursive_mutex
                0x000000002000076f                __lock___sinit_recursive_mutex
                0x0000000020000770                __lock___malloc_recursive_mutex
                0x0000000020000771                __lock___at_quick_exit_mutex
                0x0000000020000772                __lock___dd_hash_mutex
                0x0000000020000773                __lock___tz_mutex
                0x0000000020000774                __lock___sfp_recursive_mutex
                0x0000000020000778                . = ALIGN (0x4)
 *fill*         0x0000000020000775        0x3 
                0x0000000020000778                _ebss = .
                0x0000000020000778                __bss_end__ = _ebss

._user_heap_stack
                0x0000000020000778      0x600 load address 0x000000000800b1c4
                0x0000000020000778                . = ALIGN (0x8)
                [!provide]                        PROVIDE (end = .)
                0x0000000020000778                PROVIDE (_end = .)
                0x0000000020000978                . = (. + _Min_Heap_Size)
 *fill*         0x0000000020000778      0x200 
                0x0000000020000d78                . = (. + _Min_Stack_Size)
 *fill*         0x0000000020000978      0x400 
                0x0000000020000d78                . = ALIGN (0x8)

/DISCARD/
 libc.a(*)
 libm.a(*)
 libgcc.a(*)

.ARM.attributes
                0x0000000000000000       0x28
 *(.ARM.attributes)
 .ARM.attributes
                0x0000000000000000       0x1e c:/st/stm32cubeide_1.5.1/stm32cubeide/plugins/com.st.stm32cube.ide.mcu.externaltools.gnu-tools-for-stm32.9-2020-q2-update.win32_2.0.0.202105311346/tools/bin/../lib/gcc/arm-none-eabi/9.3.1/thumb/v6-m/nofp/crti.o
 .ARM.attributes
                0x000000000000001e       0x2c c:/st/stm32cubeide_1.5.1/stm32cubeide/plugins/com.st.stm32cube.ide.mcu.externaltools.gnu-tools-for-stm32.9-2020-q2-update.win32_2.0.0.202105311346/tools/bin/../lib/gcc/arm-none-eabi/9.3.1/thumb/v6-m/nofp/crtbegin.o
 .ARM.attributes
                0x000000000000004a       0x2c ./Core/Src/dma.o
 .ARM.attributes
                0x0000000000000076       0x2c ./Core/Src/gpio.o
 .ARM.attributes
                0x00000000000000a2       0x2c ./Core/Src/main.o
 .ARM.attributes
                0x00000000000000ce       0x2c ./Core/Src/spi.o
 .ARM.attributes
                0x00000000000000fa       0x2c ./Core/Src/stm32g0xx_hal_msp.o
 .ARM.attributes
                0x0000000000000126       0x2c ./Core/Src/stm32g0xx_it.o
 .ARM.attributes
                0x0000000000000152       0x2c ./Core/Src/syscalls.o
 .ARM.attributes
                0x000000000000017e       0x2c ./Core/Src/sysmem.o
 .ARM.attributes
                0x00000000000001aa       0x2c ./Core/Src/system_stm32g0xx.o
 .ARM.attributes
                0x00000000000001d6       0x2c ./Core/Src/usart.o
 .ARM.attributes
                0x0000000000000202       0x2c ./Core/Src/ws2811.o
 .ARM.attributes
                0x000000000000022e       0x2c ./Core/Src/ws2811_fx.o
 .ARM.attributes
                0x000000000000025a       0x22 ./Core/Startup/startup_stm32g071rbtx.o
 .ARM.attributes
                0x000000000000027c       0x2c ./Drivers/STM32G0xx_HAL_Driver/Src/stm32g0xx_hal.o
 .ARM.attributes
                0x00000000000002a8       0x2c ./Drivers/STM32G0xx_HAL_Driver/Src/stm32g0xx_hal_cortex.o
 .ARM.attributes
                0x00000000000002d4       0x2c ./Drivers/STM32G0xx_HAL_Driver/Src/stm32g0xx_hal_dma.o
 .ARM.attributes
                0x0000000000000300       0x2c ./Drivers/STM32G0xx_HAL_Driver/Src/stm32g0xx_hal_gpio.o
 .ARM.attributes
                0x000000000000032c       0x2c ./Drivers/STM32G0xx_HAL_Driver/Src/stm32g0xx_hal_pwr_ex.o
 .ARM.attributes
                0x0000000000000358       0x2c ./Drivers/STM32G0xx_HAL_Driver/Src/stm32g0xx_hal_rcc.o
 .ARM.attributes
                0x0000000000000384       0x2c ./Drivers/STM32G0xx_HAL_Driver/Src/stm32g0xx_hal_rcc_ex.o
 .ARM.attributes
                0x00000000000003b0       0x2c ./Drivers/STM32G0xx_HAL_Driver/Src/stm32g0xx_hal_spi.o
 .ARM.attributes
                0x00000000000003dc       0x2c ./Drivers/STM32G0xx_HAL_Driver/Src/stm32g0xx_hal_uart.o
 .ARM.attributes
                0x0000000000000408       0x2c ./Drivers/STM32G0xx_HAL_Driver/Src/stm32g0xx_hal_uart_ex.o
 .ARM.attributes
                0x0000000000000434       0x2c c:/st/stm32cubeide_1.5.1/stm32cubeide/plugins/com.st.stm32cube.ide.mcu.externaltools.gnu-tools-for-stm32.9-2020-q2-update.win32_2.0.0.202105311346/tools/bin/../lib/gcc/arm-none-eabi/9.3.1/../../../../arm-none-eabi/lib/thumb/v6-m/nofp\libc_nano.a(lib_a-calloc.o)
 .ARM.attributes
                0x0000000000000460       0x2c c:/st/stm32cubeide_1.5.1/stm32cubeide/plugins/com.st.stm32cube.ide.mcu.externaltools.gnu-tools-for-stm32.9-2020-q2-update.win32_2.0.0.202105311346/tools/bin/../lib/gcc/arm-none-eabi/9.3.1/../../../../arm-none-eabi/lib/thumb/v6-m/nofp\libc_nano.a(lib_a-errno.o)
 .ARM.attributes
                0x000000000000048c       0x2c c:/st/stm32cubeide_1.5.1/stm32cubeide/plugins/com.st.stm32cube.ide.mcu.externaltools.gnu-tools-for-stm32.9-2020-q2-update.win32_2.0.0.202105311346/tools/bin/../lib/gcc/arm-none-eabi/9.3.1/../../../../arm-none-eabi/lib/thumb/v6-m/nofp\libc_nano.a(lib_a-impure.o)
 .ARM.attributes
                0x00000000000004b8       0x2c c:/st/stm32cubeide_1.5.1/stm32cubeide/plugins/com.st.stm32cube.ide.mcu.externaltools.gnu-tools-for-stm32.9-2020-q2-update.win32_2.0.0.202105311346/tools/bin/../lib/gcc/arm-none-eabi/9.3.1/../../../../arm-none-eabi/lib/thumb/v6-m/nofp\libc_nano.a(lib_a-init.o)
 .ARM.attributes
                0x00000000000004e4       0x2c c:/st/stm32cubeide_1.5.1/stm32cubeide/plugins/com.st.stm32cube.ide.mcu.externaltools.gnu-tools-for-stm32.9-2020-q2-update.win32_2.0.0.202105311346/tools/bin/../lib/gcc/arm-none-eabi/9.3.1/../../../../arm-none-eabi/lib/thumb/v6-m/nofp\libc_nano.a(lib_a-malloc.o)
 .ARM.attributes
                0x0000000000000510       0x2c c:/st/stm32cubeide_1.5.1/stm32cubeide/plugins/com.st.stm32cube.ide.mcu.externaltools.gnu-tools-for-stm32.9-2020-q2-update.win32_2.0.0.202105311346/tools/bin/../lib/gcc/arm-none-eabi/9.3.1/../../../../arm-none-eabi/lib/thumb/v6-m/nofp\libc_nano.a(lib_a-memcpy-stub.o)
 .ARM.attributes
                0x000000000000053c       0x2c c:/st/stm32cubeide_1.5.1/stm32cubeide/plugins/com.st.stm32cube.ide.mcu.externaltools.gnu-tools-for-stm32.9-2020-q2-update.win32_2.0.0.202105311346/tools/bin/../lib/gcc/arm-none-eabi/9.3.1/../../../../arm-none-eabi/lib/thumb/v6-m/nofp\libc_nano.a(lib_a-memset.o)
 .ARM.attributes
                0x0000000000000568       0x2c c:/st/stm32cubeide_1.5.1/stm32cubeide/plugins/com.st.stm32cube.ide.mcu.externaltools.gnu-tools-for-stm32.9-2020-q2-update.win32_2.0.0.202105311346/tools/bin/../lib/gcc/arm-none-eabi/9.3.1/../../../../arm-none-eabi/lib/thumb/v6-m/nofp\libc_nano.a(lib_a-nano-callocr.o)
 .ARM.attributes
                0x0000000000000594       0x2c c:/st/stm32cubeide_1.5.1/stm32cubeide/plugins/com.st.stm32cube.ide.mcu.externaltools.gnu-tools-for-stm32.9-2020-q2-update.win32_2.0.0.202105311346/tools/bin/../lib/gcc/arm-none-eabi/9.3.1/../../../../arm-none-eabi/lib/thumb/v6-m/nofp\libc_nano.a(lib_a-nano-freer.o)
 .ARM.attributes
                0x00000000000005c0       0x2c c:/st/stm32cubeide_1.5.1/stm32cubeide/plugins/com.st.stm32cube.ide.mcu.externaltools.gnu-tools-for-stm32.9-2020-q2-update.win32_2.0.0.202105311346/tools/bin/../lib/gcc/arm-none-eabi/9.3.1/../../../../arm-none-eabi/lib/thumb/v6-m/nofp\libc_nano.a(lib_a-nano-mallocr.o)
 .ARM.attributes
                0x00000000000005ec       0x2c c:/st/stm32cubeide_1.5.1/stm32cubeide/plugins/com.st.stm32cube.ide.mcu.externaltools.gnu-tools-for-stm32.9-2020-q2-update.win32_2.0.0.202105311346/tools/bin/../lib/gcc/arm-none-eabi/9.3.1/../../../../arm-none-eabi/lib/thumb/v6-m/nofp\libc_nano.a(lib_a-rand.o)
 .ARM.attributes
                0x0000000000000618       0x2c c:/st/stm32cubeide_1.5.1/stm32cubeide/plugins/com.st.stm32cube.ide.mcu.externaltools.gnu-tools-for-stm32.9-2020-q2-update.win32_2.0.0.202105311346/tools/bin/../lib/gcc/arm-none-eabi/9.3.1/../../../../arm-none-eabi/lib/thumb/v6-m/nofp\libc_nano.a(lib_a-sbrkr.o)
 .ARM.attributes
                0x0000000000000644       0x2c c:/st/stm32cubeide_1.5.1/stm32cubeide/plugins/com.st.stm32cube.ide.mcu.externaltools.gnu-tools-for-stm32.9-2020-q2-update.win32_2.0.0.202105311346/tools/bin/../lib/gcc/arm-none-eabi/9.3.1/../../../../arm-none-eabi/lib/thumb/v6-m/nofp\libc_nano.a(lib_a-assert.o)
 .ARM.attributes
                0x0000000000000670       0x2c c:/st/stm32cubeide_1.5.1/stm32cubeide/plugins/com.st.stm32cube.ide.mcu.externaltools.gnu-tools-for-stm32.9-2020-q2-update.win32_2.0.0.202105311346/tools/bin/../lib/gcc/arm-none-eabi/9.3.1/../../../../arm-none-eabi/lib/thumb/v6-m/nofp\libc_nano.a(lib_a-fprintf.o)
 .ARM.attributes
                0x000000000000069c       0x2c c:/st/stm32cubeide_1.5.1/stm32cubeide/plugins/com.st.stm32cube.ide.mcu.externaltools.gnu-tools-for-stm32.9-2020-q2-update.win32_2.0.0.202105311346/tools/bin/../lib/gcc/arm-none-eabi/9.3.1/../../../../arm-none-eabi/lib/thumb/v6-m/nofp\libc_nano.a(lib_a-mlock.o)
 .ARM.attributes
                0x00000000000006c8       0x2c c:/st/stm32cubeide_1.5.1/stm32cubeide/plugins/com.st.stm32cube.ide.mcu.externaltools.gnu-tools-for-stm32.9-2020-q2-update.win32_2.0.0.202105311346/tools/bin/../lib/gcc/arm-none-eabi/9.3.1/../../../../arm-none-eabi/lib/thumb/v6-m/nofp\libc_nano.a(lib_a-nano-vfprintf.o)
 .ARM.attributes
                0x00000000000006f4       0x2c c:/st/stm32cubeide_1.5.1/stm32cubeide/plugins/com.st.stm32cube.ide.mcu.externaltools.gnu-tools-for-stm32.9-2020-q2-update.win32_2.0.0.202105311346/tools/bin/../lib/gcc/arm-none-eabi/9.3.1/../../../../arm-none-eabi/lib/thumb/v6-m/nofp\libc_nano.a(lib_a-nano-vfprintf_i.o)
 .ARM.attributes
                0x0000000000000720       0x2c c:/st/stm32cubeide_1.5.1/stm32cubeide/plugins/com.st.stm32cube.ide.mcu.externaltools.gnu-tools-for-stm32.9-2020-q2-update.win32_2.0.0.202105311346/tools/bin/../lib/gcc/arm-none-eabi/9.3.1/../../../../arm-none-eabi/lib/thumb/v6-m/nofp\libc_nano.a(lib_a-reent.o)
 .ARM.attributes
                0x000000000000074c       0x2c c:/st/stm32cubeide_1.5.1/stm32cubeide/plugins/com.st.stm32cube.ide.mcu.externaltools.gnu-tools-for-stm32.9-2020-q2-update.win32_2.0.0.202105311346/tools/bin/../lib/gcc/arm-none-eabi/9.3.1/../../../../arm-none-eabi/lib/thumb/v6-m/nofp\libc_nano.a(lib_a-wbuf.o)
 .ARM.attributes
                0x0000000000000778       0x2c c:/st/stm32cubeide_1.5.1/stm32cubeide/plugins/com.st.stm32cube.ide.mcu.externaltools.gnu-tools-for-stm32.9-2020-q2-update.win32_2.0.0.202105311346/tools/bin/../lib/gcc/arm-none-eabi/9.3.1/../../../../arm-none-eabi/lib/thumb/v6-m/nofp\libc_nano.a(lib_a-wsetup.o)
 .ARM.attributes
                0x00000000000007a4       0x2c c:/st/stm32cubeide_1.5.1/stm32cubeide/plugins/com.st.stm32cube.ide.mcu.externaltools.gnu-tools-for-stm32.9-2020-q2-update.win32_2.0.0.202105311346/tools/bin/../lib/gcc/arm-none-eabi/9.3.1/../../../../arm-none-eabi/lib/thumb/v6-m/nofp\libc_nano.a(lib_a-abort.o)
 .ARM.attributes
                0x00000000000007d0       0x2c c:/st/stm32cubeide_1.5.1/stm32cubeide/plugins/com.st.stm32cube.ide.mcu.externaltools.gnu-tools-for-stm32.9-2020-q2-update.win32_2.0.0.202105311346/tools/bin/../lib/gcc/arm-none-eabi/9.3.1/../../../../arm-none-eabi/lib/thumb/v6-m/nofp\libc_nano.a(lib_a-fflush.o)
 .ARM.attributes
                0x00000000000007fc       0x2c c:/st/stm32cubeide_1.5.1/stm32cubeide/plugins/com.st.stm32cube.ide.mcu.externaltools.gnu-tools-for-stm32.9-2020-q2-update.win32_2.0.0.202105311346/tools/bin/../lib/gcc/arm-none-eabi/9.3.1/../../../../arm-none-eabi/lib/thumb/v6-m/nofp\libc_nano.a(lib_a-findfp.o)
 .ARM.attributes
                0x0000000000000828       0x2c c:/st/stm32cubeide_1.5.1/stm32cubeide/plugins/com.st.stm32cube.ide.mcu.externaltools.gnu-tools-for-stm32.9-2020-q2-update.win32_2.0.0.202105311346/tools/bin/../lib/gcc/arm-none-eabi/9.3.1/../../../../arm-none-eabi/lib/thumb/v6-m/nofp\libc_nano.a(lib_a-fwalk.o)
 .ARM.attributes
                0x0000000000000854       0x2c c:/st/stm32cubeide_1.5.1/stm32cubeide/plugins/com.st.stm32cube.ide.mcu.externaltools.gnu-tools-for-stm32.9-2020-q2-update.win32_2.0.0.202105311346/tools/bin/../lib/gcc/arm-none-eabi/9.3.1/../../../../arm-none-eabi/lib/thumb/v6-m/nofp\libc_nano.a(lib_a-lock.o)
 .ARM.attributes
                0x0000000000000880       0x2c c:/st/stm32cubeide_1.5.1/stm32cubeide/plugins/com.st.stm32cube.ide.mcu.externaltools.gnu-tools-for-stm32.9-2020-q2-update.win32_2.0.0.202105311346/tools/bin/../lib/gcc/arm-none-eabi/9.3.1/../../../../arm-none-eabi/lib/thumb/v6-m/nofp\libc_nano.a(lib_a-makebuf.o)
 .ARM.attributes
                0x00000000000008ac       0x2c c:/st/stm32cubeide_1.5.1/stm32cubeide/plugins/com.st.stm32cube.ide.mcu.externaltools.gnu-tools-for-stm32.9-2020-q2-update.win32_2.0.0.202105311346/tools/bin/../lib/gcc/arm-none-eabi/9.3.1/../../../../arm-none-eabi/lib/thumb/v6-m/nofp\libc_nano.a(lib_a-memchr-stub.o)
 .ARM.attributes
                0x00000000000008d8       0x2c c:/st/stm32cubeide_1.5.1/stm32cubeide/plugins/com.st.stm32cube.ide.mcu.externaltools.gnu-tools-for-stm32.9-2020-q2-update.win32_2.0.0.202105311346/tools/bin/../lib/gcc/arm-none-eabi/9.3.1/../../../../arm-none-eabi/lib/thumb/v6-m/nofp\libc_nano.a(lib_a-signal.o)
 .ARM.attributes
                0x0000000000000904       0x2c c:/st/stm32cubeide_1.5.1/stm32cubeide/plugins/com.st.stm32cube.ide.mcu.externaltools.gnu-tools-for-stm32.9-2020-q2-update.win32_2.0.0.202105311346/tools/bin/../lib/gcc/arm-none-eabi/9.3.1/../../../../arm-none-eabi/lib/thumb/v6-m/nofp\libc_nano.a(lib_a-signalr.o)
 .ARM.attributes
                0x0000000000000930       0x2c c:/st/stm32cubeide_1.5.1/stm32cubeide/plugins/com.st.stm32cube.ide.mcu.externaltools.gnu-tools-for-stm32.9-2020-q2-update.win32_2.0.0.202105311346/tools/bin/../lib/gcc/arm-none-eabi/9.3.1/../../../../arm-none-eabi/lib/thumb/v6-m/nofp\libc_nano.a(lib_a-stdio.o)
 .ARM.attributes
                0x000000000000095c       0x2c c:/st/stm32cubeide_1.5.1/stm32cubeide/plugins/com.st.stm32cube.ide.mcu.externaltools.gnu-tools-for-stm32.9-2020-q2-update.win32_2.0.0.202105311346/tools/bin/../lib/gcc/arm-none-eabi/9.3.1/../../../../arm-none-eabi/lib/thumb/v6-m/nofp\libc_nano.a(lib_a-writer.o)
 .ARM.attributes
                0x0000000000000988       0x2c c:/st/stm32cubeide_1.5.1/stm32cubeide/plugins/com.st.stm32cube.ide.mcu.externaltools.gnu-tools-for-stm32.9-2020-q2-update.win32_2.0.0.202105311346/tools/bin/../lib/gcc/arm-none-eabi/9.3.1/../../../../arm-none-eabi/lib/thumb/v6-m/nofp\libc_nano.a(lib_a-closer.o)
 .ARM.attributes
                0x00000000000009b4       0x2c c:/st/stm32cubeide_1.5.1/stm32cubeide/plugins/com.st.stm32cube.ide.mcu.externaltools.gnu-tools-for-stm32.9-2020-q2-update.win32_2.0.0.202105311346/tools/bin/../lib/gcc/arm-none-eabi/9.3.1/../../../../arm-none-eabi/lib/thumb/v6-m/nofp\libc_nano.a(lib_a-fstatr.o)
 .ARM.attributes
                0x00000000000009e0       0x2c c:/st/stm32cubeide_1.5.1/stm32cubeide/plugins/com.st.stm32cube.ide.mcu.externaltools.gnu-tools-for-stm32.9-2020-q2-update.win32_2.0.0.202105311346/tools/bin/../lib/gcc/arm-none-eabi/9.3.1/../../../../arm-none-eabi/lib/thumb/v6-m/nofp\libc_nano.a(lib_a-isattyr.o)
 .ARM.attributes
                0x0000000000000a0c       0x2c c:/st/stm32cubeide_1.5.1/stm32cubeide/plugins/com.st.stm32cube.ide.mcu.externaltools.gnu-tools-for-stm32.9-2020-q2-update.win32_2.0.0.202105311346/tools/bin/../lib/gcc/arm-none-eabi/9.3.1/../../../../arm-none-eabi/lib/thumb/v6-m/nofp\libc_nano.a(lib_a-lseekr.o)
 .ARM.attributes
                0x0000000000000a38       0x2c c:/st/stm32cubeide_1.5.1/stm32cubeide/plugins/com.st.stm32cube.ide.mcu.externaltools.gnu-tools-for-stm32.9-2020-q2-update.win32_2.0.0.202105311346/tools/bin/../lib/gcc/arm-none-eabi/9.3.1/../../../../arm-none-eabi/lib/thumb/v6-m/nofp\libc_nano.a(lib_a-readr.o)
 .ARM.attributes
                0x0000000000000a64       0x1e c:/st/stm32cubeide_1.5.1/stm32cubeide/plugins/com.st.stm32cube.ide.mcu.externaltools.gnu-tools-for-stm32.9-2020-q2-update.win32_2.0.0.202105311346/tools/bin/../lib/gcc/arm-none-eabi/9.3.1/thumb/v6-m/nofp\libgcc.a(_thumb1_case_shi.o)
 .ARM.attributes