ws2811_fx.c:181:11:WS2811FX_Init	48	static
ws2811_fx.c:263:9:WS2811FX_GetSegmentsQuantity	8	static
ws2811_fx.c:268:11:WS2811FX_SegmentIncrease	8	static
ws2811_fx.c:278:11:WS2811FX_SegmentDecrease	8	static
ws2811_fx.c:288:6:WS2811FX_SysTickCallback	16	static
ws2811_fx.c:294:6:WS2811FX_Callback	16	static
ws2811_fx.c:320:11:WS2811FX_SetMode	32	static
ws2811_fx.c:337:11:WS2811FX_GetMode	16	static
ws2811_fx.c:344:11:WS2811FX_NextMode	16	static
ws2811_fx.c:355:11:WS2811FX_PrevMode	16	static
ws2811_fx.c:366:11:WS2811FX_SetReverse	16	static
ws2811_fx.c:377:11:WS2811FX_GetReverse	16	static
ws2811_fx.c:384:11:WS2811FX_SegmentIncreaseStart	16	static
ws2811_fx.c:396:11:WS2811FX_SegmentDecreaseStart	16	static
ws2811_fx.c:418:11:WS2811FX_SegmentIncreaseEnd	16	static
ws2811_fx.c:442:11:WS2811FX_SegmentDecreaseEnd	16	static
ws2811_fx.c:454:11:WS2811FX_SetSegmentSize	24	static
ws2811_fx.c:468:11:WS2811FX_GetSegmentSize	24	static
ws2811_fx.c:476:11:WS2811FX_Start	16	static
ws2811_fx.c:487:9:WS2811FX_IsAnyRunning	16	static
ws2811_fx.c:498:11:WS2811FX_Stop	16	static
ws2811_fx.c:508:11:WS2811FX_IsRunning	16	static
ws2811_fx.c:515:6:WS2811FX_SetColorStruct	16	static
ws2811_fx.c:523:6:WS2811FX_SetColorRGB	24	static
ws2811_fx.c:532:11:WS2811FX_GetColorRGB	24	static
ws2811_fx.c:541:6:WS2811FX_RGBtoHSV	32	static
ws2811_fx.c:598:6:WS2811FX_HSVtoRGB	40	static
ws2811_fx.c:663:6:WS2811FX_SetColorHSV	40	static
ws2811_fx.c:669:6:WS2811FX_SetColor	16	static
ws2811_fx.c:677:11:WS2811FX_SetAll	32	static
ws2811_fx.c:687:11:WS2811FX_SetAllRGB	32	static
ws2811_fx.c:697:11:WS2811FX_SetSpeed	16	static
ws2811_fx.c:707:11:WS2811FX_GetSpeed	16	static
ws2811_fx.c:714:11:WS2811FX_IncreaseSpeed	16	static
ws2811_fx.c:719:11:WS2811FX_DecreaseSpeed	16	static
ws2811_fx.c:733:6:strip_off	16	static
ws2811_fx.c:747:10:color_wheel	16	static
ws2811_fx.c:763:9:get_random_wheel_index	32	static
ws2811_fx.c:782:6:fade_out	64	static
ws2811_fx.c:825:10:color_blend	72	static
ws2811_fx.c:851:6:mode_static	16	static
ws2811_fx.c:863:6:to_color	48	static
ws2811_fx.c:914:6:mode_white_to_color	8	static
ws2811_fx.c:919:6:mode_black_to_color	8	static
ws2811_fx.c:927:6:blink	32	static
ws2811_fx.c:940:6:mode_blink	8	static
ws2811_fx.c:945:6:mode_blink_rainbow	8	static
ws2811_fx.c:950:6:mode_strobe	8	static
ws2811_fx.c:954:6:mode_strobe_rainbow	8	static
ws2811_fx.c:962:6:mode_breath	40	static
ws2811_fx.c:992:6:color_wipe	40	static
ws2811_fx.c:1026:6:mode_color_wipe	8	static
ws2811_fx.c:1031:6:mode_color_wipe_inv	8	static
ws2811_fx.c:1036:6:mode_color_wipe_rev	8	static
ws2811_fx.c:1041:6:mode_color_wipe_rev_inv	8	static
ws2811_fx.c:1046:6:mode_color_wipe_random	24	static
ws2811_fx.c:1061:6:mode_color_sweep_random	24	static
ws2811_fx.c:1075:6:mode_random_color	16	static
ws2811_fx.c:1086:6:mode_single_dynamic	24	static
ws2811_fx.c:1105:6:mode_multi_dynamic	24	static
ws2811_fx.c:1117:6:mode_rainbow	16	static
ws2811_fx.c:1133:6:mode_rainbow_cycle	24	static
ws2811_fx.c:1149:6:mode_fade	32	static
ws2811_fx.c:1168:6:mode_scan	24	static
ws2811_fx.c:1195:6:mode_dual_scan	24	static
ws2811_fx.c:1219:6:theater_chase	32	static
ws2811_fx.c:1245:6:mode_theater_chase	8	static
ws2811_fx.c:1256:6:mode_theater_chase_rainbow	8	static
ws2811_fx.c:1266:6:mode_running_lights	32	static
ws2811_fx.c:1288:6:twinkle	32	static
ws2811_fx.c:1311:6:mode_twinkle	8	static
ws2811_fx.c:1320:6:mode_twinkle_random	8	static
ws2811_fx.c:1328:6:twinkle_fade	24	static
ws2811_fx.c:1343:6:mode_twinkle_fade	8	static
ws2811_fx.c:1352:6:mode_twinkle_fade_random	8	static
ws2811_fx.c:1361:6:mode_sparkle	16	static
ws2811_fx.c:1374:6:mode_flash_sparkle	24	static
ws2811_fx.c:1400:6:mode_hyper_sparkle	24	static
ws2811_fx.c:1421:6:mode_multi_strobe	24	static
ws2811_fx.c:1454:6:chase	48	static
ws2811_fx.c:1480:6:mode_bicolor_chase	16	static
ws2811_fx.c:1489:6:mode_chase_color	8	static
ws2811_fx.c:1498:6:mode_chase_blackout	8	static
ws2811_fx.c:1507:6:mode_chase_white	8	static
ws2811_fx.c:1516:6:mode_chase_random	16	static
ws2811_fx.c:1529:6:mode_chase_rainbow_white	32	static
ws2811_fx.c:1543:6:mode_chase_rainbow	16	static
ws2811_fx.c:1556:6:mode_chase_blackout_rainbow	16	static
ws2811_fx.c:1568:6:mode_chase_flash	32	static
ws2811_fx.c:1613:6:mode_chase_flash_random	40	static
ws2811_fx.c:1657:6:running	32	static
ws2811_fx.c:1684:6:mode_running_color	8	static
ws2811_fx.c:1693:6:mode_running_red_blue	8	static
ws2811_fx.c:1702:6:mode_merry_christmas	8	static
ws2811_fx.c:1710:6:mode_halloween	8	static
ws2811_fx.c:1718:6:mode_running_random	24	static
ws2811_fx.c:1745:6:mode_larson_scanner	16	static
ws2811_fx.c:1776:6:mode_comet	16	static
ws2811_fx.c:1793:6:fireworks	48	static
ws2811_fx.c:1843:6:mode_fireworks	8	static
ws2811_fx.c:1851:6:mode_fireworks_random	8	static
ws2811_fx.c:1860:6:fire_flicker	40	static
ws2811_fx.c:1877:6:mode_fire_flicker	8	static
ws2811_fx.c:1885:6:mode_fire_flicker_soft	8	static
ws2811_fx.c:1893:6:mode_fire_flicker_intense	8	static
ws2811_fx.c:1902:6:tricolor_chase	32	static
ws2811_fx.c:1928:6:mode_tricolor_chase	16	static
ws2811_fx.c:1937:6:mode_circus_combustus	8	static
ws2811_fx.c:1945:6:mode_icu	24	static
